ARM GAS  C:\Users\JFDuval\AppData\Local\Temp\cc4f6PgV.s 			page 1


   1              		.cpu cortex-m0
   2              		.fpu softvfp
   3              		.eabi_attribute 20, 1
   4              		.eabi_attribute 21, 1
   5              		.eabi_attribute 23, 3
   6              		.eabi_attribute 24, 1
   7              		.eabi_attribute 25, 1
   8              		.eabi_attribute 26, 1
   9              		.eabi_attribute 30, 6
  10              		.eabi_attribute 34, 0
  11              		.eabi_attribute 18, 4
  12              		.code	16
  13              		.file	"Cm0Start.c"
  14              		.text
  15              	.Ltext0:
  16              		.cfi_sections	.debug_frame
  17              		.section	.noinit,"aw",%progbits
  18              		.align	2
  19              		.type	cySysNoInitDataValid, %object
  20              		.size	cySysNoInitDataValid, 4
  21              	cySysNoInitDataValid:
  22 0000 00000000 		.space	4
  23              		.section	.text.IntDefaultHandler,"ax",%progbits
  24              		.align	2
  25              		.global	IntDefaultHandler
  26              		.code	16
  27              		.thumb_func
  28              		.type	IntDefaultHandler, %function
  29              	IntDefaultHandler:
  30              	.LFB2:
  31              		.file 1 ".\\Generated_Source\\PSoC4\\Cm0Start.c"
   1:.\Generated_Source\PSoC4/Cm0Start.c **** /*******************************************************************************
   2:.\Generated_Source\PSoC4/Cm0Start.c **** * File Name: Cm0Start.c
   3:.\Generated_Source\PSoC4/Cm0Start.c **** * Version 4.20
   4:.\Generated_Source\PSoC4/Cm0Start.c **** *
   5:.\Generated_Source\PSoC4/Cm0Start.c **** *  Description:
   6:.\Generated_Source\PSoC4/Cm0Start.c **** *  Startup code for the ARM CM0.
   7:.\Generated_Source\PSoC4/Cm0Start.c **** *
   8:.\Generated_Source\PSoC4/Cm0Start.c **** ********************************************************************************
   9:.\Generated_Source\PSoC4/Cm0Start.c **** * Copyright 2010-2014, Cypress Semiconductor Corporation.  All rights reserved.
  10:.\Generated_Source\PSoC4/Cm0Start.c **** * You may use this file only in accordance with the license, terms, conditions,
  11:.\Generated_Source\PSoC4/Cm0Start.c **** * disclaimers, and limitations in the end user license agreement accompanying
  12:.\Generated_Source\PSoC4/Cm0Start.c **** * the software package with which this file was provided.
  13:.\Generated_Source\PSoC4/Cm0Start.c **** *******************************************************************************/
  14:.\Generated_Source\PSoC4/Cm0Start.c **** 
  15:.\Generated_Source\PSoC4/Cm0Start.c **** #include <limits.h>
  16:.\Generated_Source\PSoC4/Cm0Start.c **** #include "cydevice_trm.h"
  17:.\Generated_Source\PSoC4/Cm0Start.c **** #include "cytypes.h"
  18:.\Generated_Source\PSoC4/Cm0Start.c **** #include "cyfitter_cfg.h"
  19:.\Generated_Source\PSoC4/Cm0Start.c **** #include "CyLib.h"
  20:.\Generated_Source\PSoC4/Cm0Start.c **** #include "cyfitter.h"
  21:.\Generated_Source\PSoC4/Cm0Start.c **** 
  22:.\Generated_Source\PSoC4/Cm0Start.c **** #define CY_NUM_VECTORS              (CY_INT_IRQ_BASE + CY_NUM_INTERRUPTS)
  23:.\Generated_Source\PSoC4/Cm0Start.c **** #define CY_CPUSS_CONFIG_VECT_IN_RAM (( uint32 ) 0x01)
  24:.\Generated_Source\PSoC4/Cm0Start.c **** 
  25:.\Generated_Source\PSoC4/Cm0Start.c **** /* CPUSS Configuration register */
  26:.\Generated_Source\PSoC4/Cm0Start.c **** #define CY_CPUSS_CONFIG_REG         (*(reg32 *) CYREG_CPUSS_CONFIG)
ARM GAS  C:\Users\JFDuval\AppData\Local\Temp\cc4f6PgV.s 			page 2


  27:.\Generated_Source\PSoC4/Cm0Start.c **** #define CY_CPUSS_CONFIG_PTR         ( (reg32 *) CYREG_CPUSS_CONFIG)
  28:.\Generated_Source\PSoC4/Cm0Start.c **** 
  29:.\Generated_Source\PSoC4/Cm0Start.c **** 
  30:.\Generated_Source\PSoC4/Cm0Start.c **** #if defined (__ICCARM__)
  31:.\Generated_Source\PSoC4/Cm0Start.c ****     #define CY_NUM_ROM_VECTORS      (CY_NUM_VECTORS)
  32:.\Generated_Source\PSoC4/Cm0Start.c **** #else
  33:.\Generated_Source\PSoC4/Cm0Start.c ****     #define CY_NUM_ROM_VECTORS      (4u)
  34:.\Generated_Source\PSoC4/Cm0Start.c **** #endif  /* defined (__ICCARM__) */
  35:.\Generated_Source\PSoC4/Cm0Start.c **** 
  36:.\Generated_Source\PSoC4/Cm0Start.c **** #if defined(__ARMCC_VERSION)
  37:.\Generated_Source\PSoC4/Cm0Start.c ****     #define INITIAL_STACK_POINTER ((cyisraddress)(uint32)&Image$$ARM_LIB_STACK$$ZI$$Limit)
  38:.\Generated_Source\PSoC4/Cm0Start.c **** #elif defined (__GNUC__)
  39:.\Generated_Source\PSoC4/Cm0Start.c ****     #define INITIAL_STACK_POINTER (&__cy_stack)
  40:.\Generated_Source\PSoC4/Cm0Start.c **** #elif defined (__ICCARM__)
  41:.\Generated_Source\PSoC4/Cm0Start.c ****     #pragma language=extended
  42:.\Generated_Source\PSoC4/Cm0Start.c ****     #pragma segment="CSTACK"
  43:.\Generated_Source\PSoC4/Cm0Start.c ****     #define INITIAL_STACK_POINTER  { .__ptr = __sfe( "CSTACK" ) }
  44:.\Generated_Source\PSoC4/Cm0Start.c **** 
  45:.\Generated_Source\PSoC4/Cm0Start.c ****     extern void __iar_program_start( void );
  46:.\Generated_Source\PSoC4/Cm0Start.c ****     extern void __iar_data_init3 (void);
  47:.\Generated_Source\PSoC4/Cm0Start.c **** #endif  /* (__ARMCC_VERSION) */
  48:.\Generated_Source\PSoC4/Cm0Start.c **** 
  49:.\Generated_Source\PSoC4/Cm0Start.c **** #if defined(__GNUC__)
  50:.\Generated_Source\PSoC4/Cm0Start.c ****     #include <errno.h>
  51:.\Generated_Source\PSoC4/Cm0Start.c ****     extern int  errno;
  52:.\Generated_Source\PSoC4/Cm0Start.c ****     extern int  end;
  53:.\Generated_Source\PSoC4/Cm0Start.c **** #endif  /* defined(__GNUC__) */
  54:.\Generated_Source\PSoC4/Cm0Start.c **** 
  55:.\Generated_Source\PSoC4/Cm0Start.c **** /* Extern functions */
  56:.\Generated_Source\PSoC4/Cm0Start.c **** extern void CyBtldr_CheckLaunch(void);
  57:.\Generated_Source\PSoC4/Cm0Start.c **** 
  58:.\Generated_Source\PSoC4/Cm0Start.c **** /* Function prototypes */
  59:.\Generated_Source\PSoC4/Cm0Start.c **** void initialize_psoc(void);
  60:.\Generated_Source\PSoC4/Cm0Start.c **** 
  61:.\Generated_Source\PSoC4/Cm0Start.c **** /* Global variables */
  62:.\Generated_Source\PSoC4/Cm0Start.c **** #if !defined (__ICCARM__)
  63:.\Generated_Source\PSoC4/Cm0Start.c ****     CY_NOINIT static uint32 cySysNoInitDataValid;
  64:.\Generated_Source\PSoC4/Cm0Start.c **** #endif  /* !defined (__ICCARM__) */
  65:.\Generated_Source\PSoC4/Cm0Start.c **** 
  66:.\Generated_Source\PSoC4/Cm0Start.c **** 
  67:.\Generated_Source\PSoC4/Cm0Start.c **** #if (CYDEV_PROJ_TYPE != CYDEV_PROJ_TYPE_STANDARD)
  68:.\Generated_Source\PSoC4/Cm0Start.c **** 
  69:.\Generated_Source\PSoC4/Cm0Start.c ****     /*******************************************************************************
  70:.\Generated_Source\PSoC4/Cm0Start.c ****     This variable is used by the Bootloader/Bootloadable components to schedule
  71:.\Generated_Source\PSoC4/Cm0Start.c ****     what application will be started after a software reset.
  72:.\Generated_Source\PSoC4/Cm0Start.c ****     *******************************************************************************/
  73:.\Generated_Source\PSoC4/Cm0Start.c ****     #if (__ARMCC_VERSION)
  74:.\Generated_Source\PSoC4/Cm0Start.c ****         __attribute__ ((section(".bootloaderruntype"), zero_init))
  75:.\Generated_Source\PSoC4/Cm0Start.c ****     #elif defined (__GNUC__)
  76:.\Generated_Source\PSoC4/Cm0Start.c ****         __attribute__ ((section(".bootloaderruntype")))
  77:.\Generated_Source\PSoC4/Cm0Start.c ****     #elif defined (__ICCARM__)
  78:.\Generated_Source\PSoC4/Cm0Start.c ****         #pragma location=".bootloaderruntype"
  79:.\Generated_Source\PSoC4/Cm0Start.c ****     #endif /* (__ARMCC_VERSION) */
  80:.\Generated_Source\PSoC4/Cm0Start.c ****     volatile uint32 cyBtldrRunType;
  81:.\Generated_Source\PSoC4/Cm0Start.c **** 
  82:.\Generated_Source\PSoC4/Cm0Start.c **** #endif  /* (CYDEV_PROJ_TYPE != CYDEV_PROJ_TYPE_STANDARD) */
  83:.\Generated_Source\PSoC4/Cm0Start.c **** 
ARM GAS  C:\Users\JFDuval\AppData\Local\Temp\cc4f6PgV.s 			page 3


  84:.\Generated_Source\PSoC4/Cm0Start.c **** 
  85:.\Generated_Source\PSoC4/Cm0Start.c **** /*******************************************************************************
  86:.\Generated_Source\PSoC4/Cm0Start.c **** * Function Name: IntDefaultHandler
  87:.\Generated_Source\PSoC4/Cm0Start.c **** ********************************************************************************
  88:.\Generated_Source\PSoC4/Cm0Start.c **** *
  89:.\Generated_Source\PSoC4/Cm0Start.c **** * Summary:
  90:.\Generated_Source\PSoC4/Cm0Start.c **** *  This function is called for all interrupts, other than a reset that is called
  91:.\Generated_Source\PSoC4/Cm0Start.c **** *  before the system is setup.
  92:.\Generated_Source\PSoC4/Cm0Start.c **** *
  93:.\Generated_Source\PSoC4/Cm0Start.c **** * Parameters:
  94:.\Generated_Source\PSoC4/Cm0Start.c **** *  None
  95:.\Generated_Source\PSoC4/Cm0Start.c **** *
  96:.\Generated_Source\PSoC4/Cm0Start.c **** * Return:
  97:.\Generated_Source\PSoC4/Cm0Start.c **** *  None
  98:.\Generated_Source\PSoC4/Cm0Start.c **** *
  99:.\Generated_Source\PSoC4/Cm0Start.c **** * Theory:
 100:.\Generated_Source\PSoC4/Cm0Start.c **** *   Any value other than zero is acceptable.
 101:.\Generated_Source\PSoC4/Cm0Start.c **** *
 102:.\Generated_Source\PSoC4/Cm0Start.c **** *******************************************************************************/
 103:.\Generated_Source\PSoC4/Cm0Start.c **** CY_NORETURN
 104:.\Generated_Source\PSoC4/Cm0Start.c **** CY_ISR(IntDefaultHandler)
 105:.\Generated_Source\PSoC4/Cm0Start.c **** {
  32              		.loc 1 105 0
  33              		.cfi_startproc
  34 0000 80B5     		push	{r7, lr}
  35              		.cfi_def_cfa_offset 8
  36              		.cfi_offset 7, -8
  37              		.cfi_offset 14, -4
  38 0002 00AF     		add	r7, sp, #0
  39              		.cfi_def_cfa_register 7
  40              	.L2:
 106:.\Generated_Source\PSoC4/Cm0Start.c ****     /***************************************************************************
 107:.\Generated_Source\PSoC4/Cm0Start.c ****     * We must not get here. If we do, a serious problem occurs, so go into
 108:.\Generated_Source\PSoC4/Cm0Start.c ****     * an infinite loop.
 109:.\Generated_Source\PSoC4/Cm0Start.c ****     ***************************************************************************/
 110:.\Generated_Source\PSoC4/Cm0Start.c ****     while(1)
 111:.\Generated_Source\PSoC4/Cm0Start.c ****     {
 112:.\Generated_Source\PSoC4/Cm0Start.c **** 
 113:.\Generated_Source\PSoC4/Cm0Start.c ****     }
  41              		.loc 1 113 0 discriminator 1
  42 0004 FEE7     		b	.L2
  43              		.cfi_endproc
  44              	.LFE2:
  45              		.size	IntDefaultHandler, .-IntDefaultHandler
  46              		.global	__aeabi_idiv
  47 0006 C046     		.section	.text._exit,"ax",%progbits
  48              		.align	2
  49              		.weak	_exit
  50              		.code	16
  51              		.thumb_func
  52              		.type	_exit, %function
  53              	_exit:
  54              	.LFB3:
 114:.\Generated_Source\PSoC4/Cm0Start.c **** }
 115:.\Generated_Source\PSoC4/Cm0Start.c **** 
 116:.\Generated_Source\PSoC4/Cm0Start.c **** #if defined(__ARMCC_VERSION)
 117:.\Generated_Source\PSoC4/Cm0Start.c **** 
ARM GAS  C:\Users\JFDuval\AppData\Local\Temp\cc4f6PgV.s 			page 4


 118:.\Generated_Source\PSoC4/Cm0Start.c **** /* Local function for device reset. */
 119:.\Generated_Source\PSoC4/Cm0Start.c **** extern void Reset(void);
 120:.\Generated_Source\PSoC4/Cm0Start.c **** 
 121:.\Generated_Source\PSoC4/Cm0Start.c **** /* Application entry point. */
 122:.\Generated_Source\PSoC4/Cm0Start.c **** extern void $Super$$main(void);
 123:.\Generated_Source\PSoC4/Cm0Start.c **** 
 124:.\Generated_Source\PSoC4/Cm0Start.c **** /* Linker-generated Stack Base addresses, Two Region and One Region */
 125:.\Generated_Source\PSoC4/Cm0Start.c **** extern unsigned long Image$$ARM_LIB_STACK$$ZI$$Limit;
 126:.\Generated_Source\PSoC4/Cm0Start.c **** 
 127:.\Generated_Source\PSoC4/Cm0Start.c **** /* RealView C Library initialization. */
 128:.\Generated_Source\PSoC4/Cm0Start.c **** extern int __main(void);
 129:.\Generated_Source\PSoC4/Cm0Start.c **** 
 130:.\Generated_Source\PSoC4/Cm0Start.c **** 
 131:.\Generated_Source\PSoC4/Cm0Start.c **** /*******************************************************************************
 132:.\Generated_Source\PSoC4/Cm0Start.c **** * Function Name: Reset
 133:.\Generated_Source\PSoC4/Cm0Start.c **** ********************************************************************************
 134:.\Generated_Source\PSoC4/Cm0Start.c **** *
 135:.\Generated_Source\PSoC4/Cm0Start.c **** * Summary:
 136:.\Generated_Source\PSoC4/Cm0Start.c **** *  This function handles the reset interrupt for the RVDS/MDK toolchains.
 137:.\Generated_Source\PSoC4/Cm0Start.c **** *  This is the first bit of code that is executed at startup.
 138:.\Generated_Source\PSoC4/Cm0Start.c **** *
 139:.\Generated_Source\PSoC4/Cm0Start.c **** * Parameters:
 140:.\Generated_Source\PSoC4/Cm0Start.c **** *  None
 141:.\Generated_Source\PSoC4/Cm0Start.c **** *
 142:.\Generated_Source\PSoC4/Cm0Start.c **** * Return:
 143:.\Generated_Source\PSoC4/Cm0Start.c **** *  None
 144:.\Generated_Source\PSoC4/Cm0Start.c **** *
 145:.\Generated_Source\PSoC4/Cm0Start.c **** *******************************************************************************/
 146:.\Generated_Source\PSoC4/Cm0Start.c **** void Reset(void)
 147:.\Generated_Source\PSoC4/Cm0Start.c **** {
 148:.\Generated_Source\PSoC4/Cm0Start.c ****     #if (CYDEV_PROJ_TYPE == CYDEV_PROJ_TYPE_LOADABLE)
 149:.\Generated_Source\PSoC4/Cm0Start.c ****         /* The bootloadable application image is started at Reset() handler
 150:.\Generated_Source\PSoC4/Cm0Start.c ****         * as a result of a branch instruction execution from the bootloader.
 151:.\Generated_Source\PSoC4/Cm0Start.c ****         * So, the stack pointer needs to be reset to be sure that
 152:.\Generated_Source\PSoC4/Cm0Start.c ****         * there is no garbage in the stack.
 153:.\Generated_Source\PSoC4/Cm0Start.c ****         */
 154:.\Generated_Source\PSoC4/Cm0Start.c ****         register uint32_t msp __asm("msp");
 155:.\Generated_Source\PSoC4/Cm0Start.c ****         msp = (uint32_t)&Image$$ARM_LIB_STACK$$ZI$$Limit;
 156:.\Generated_Source\PSoC4/Cm0Start.c ****     #endif /* CYDEV_PROJ_TYPE_LOADABLE */
 157:.\Generated_Source\PSoC4/Cm0Start.c **** 
 158:.\Generated_Source\PSoC4/Cm0Start.c ****     #if(CY_IP_SRSSLT)
 159:.\Generated_Source\PSoC4/Cm0Start.c ****         CySysWdtDisable();
 160:.\Generated_Source\PSoC4/Cm0Start.c ****     #endif  /* (CY_IP_SRSSLT) */
 161:.\Generated_Source\PSoC4/Cm0Start.c **** 
 162:.\Generated_Source\PSoC4/Cm0Start.c ****     #if (CYDEV_BOOTLOADER_ENABLE)
 163:.\Generated_Source\PSoC4/Cm0Start.c ****         CyBtldr_CheckLaunch();
 164:.\Generated_Source\PSoC4/Cm0Start.c ****     #endif /* CYDEV_BOOTLOADER_ENABLE */
 165:.\Generated_Source\PSoC4/Cm0Start.c **** 
 166:.\Generated_Source\PSoC4/Cm0Start.c ****     __main();
 167:.\Generated_Source\PSoC4/Cm0Start.c **** }
 168:.\Generated_Source\PSoC4/Cm0Start.c **** 
 169:.\Generated_Source\PSoC4/Cm0Start.c **** /*******************************************************************************
 170:.\Generated_Source\PSoC4/Cm0Start.c **** * Function Name: $Sub$$main
 171:.\Generated_Source\PSoC4/Cm0Start.c **** ********************************************************************************
 172:.\Generated_Source\PSoC4/Cm0Start.c **** *
 173:.\Generated_Source\PSoC4/Cm0Start.c **** * Summary:
 174:.\Generated_Source\PSoC4/Cm0Start.c **** *  This function is called immediately before the users main
ARM GAS  C:\Users\JFDuval\AppData\Local\Temp\cc4f6PgV.s 			page 5


 175:.\Generated_Source\PSoC4/Cm0Start.c **** *
 176:.\Generated_Source\PSoC4/Cm0Start.c **** * Parameters:
 177:.\Generated_Source\PSoC4/Cm0Start.c **** *  None
 178:.\Generated_Source\PSoC4/Cm0Start.c **** *
 179:.\Generated_Source\PSoC4/Cm0Start.c **** * Return:
 180:.\Generated_Source\PSoC4/Cm0Start.c **** *  None
 181:.\Generated_Source\PSoC4/Cm0Start.c **** *
 182:.\Generated_Source\PSoC4/Cm0Start.c **** *******************************************************************************/
 183:.\Generated_Source\PSoC4/Cm0Start.c **** __attribute__ ((noreturn))
 184:.\Generated_Source\PSoC4/Cm0Start.c **** void $Sub$$main(void)
 185:.\Generated_Source\PSoC4/Cm0Start.c **** {
 186:.\Generated_Source\PSoC4/Cm0Start.c ****     initialize_psoc();
 187:.\Generated_Source\PSoC4/Cm0Start.c **** 
 188:.\Generated_Source\PSoC4/Cm0Start.c ****     /* Call original main */
 189:.\Generated_Source\PSoC4/Cm0Start.c ****     $Super$$main();
 190:.\Generated_Source\PSoC4/Cm0Start.c **** 
 191:.\Generated_Source\PSoC4/Cm0Start.c ****     while (1)
 192:.\Generated_Source\PSoC4/Cm0Start.c ****     {
 193:.\Generated_Source\PSoC4/Cm0Start.c ****         /* If main returns it is undefined what we should do. */
 194:.\Generated_Source\PSoC4/Cm0Start.c ****     }
 195:.\Generated_Source\PSoC4/Cm0Start.c **** }
 196:.\Generated_Source\PSoC4/Cm0Start.c **** 
 197:.\Generated_Source\PSoC4/Cm0Start.c **** #elif defined(__GNUC__)
 198:.\Generated_Source\PSoC4/Cm0Start.c **** 
 199:.\Generated_Source\PSoC4/Cm0Start.c **** /* Stack Base address */
 200:.\Generated_Source\PSoC4/Cm0Start.c **** extern void __cy_stack(void);
 201:.\Generated_Source\PSoC4/Cm0Start.c **** 
 202:.\Generated_Source\PSoC4/Cm0Start.c **** /* Application entry point. */
 203:.\Generated_Source\PSoC4/Cm0Start.c **** extern int main(void);
 204:.\Generated_Source\PSoC4/Cm0Start.c **** 
 205:.\Generated_Source\PSoC4/Cm0Start.c **** /* The static objects constructors initializer */
 206:.\Generated_Source\PSoC4/Cm0Start.c **** extern void __libc_init_array(void);
 207:.\Generated_Source\PSoC4/Cm0Start.c **** 
 208:.\Generated_Source\PSoC4/Cm0Start.c **** typedef unsigned char __cy_byte_align8 __attribute ((aligned (8)));
 209:.\Generated_Source\PSoC4/Cm0Start.c **** 
 210:.\Generated_Source\PSoC4/Cm0Start.c **** struct __cy_region
 211:.\Generated_Source\PSoC4/Cm0Start.c **** {
 212:.\Generated_Source\PSoC4/Cm0Start.c ****     __cy_byte_align8 *init; /* Initial contents of this region.  */
 213:.\Generated_Source\PSoC4/Cm0Start.c ****     __cy_byte_align8 *data; /* Start address of region.  */
 214:.\Generated_Source\PSoC4/Cm0Start.c ****     size_t init_size;       /* Size of initial data.  */
 215:.\Generated_Source\PSoC4/Cm0Start.c ****     size_t zero_size;       /* Additional size to be zeroed.  */
 216:.\Generated_Source\PSoC4/Cm0Start.c **** };
 217:.\Generated_Source\PSoC4/Cm0Start.c **** 
 218:.\Generated_Source\PSoC4/Cm0Start.c **** extern const struct __cy_region __cy_regions[];
 219:.\Generated_Source\PSoC4/Cm0Start.c **** extern const char __cy_region_num __attribute__((weak));
 220:.\Generated_Source\PSoC4/Cm0Start.c **** #define __cy_region_num ((size_t)&__cy_region_num)
 221:.\Generated_Source\PSoC4/Cm0Start.c **** 
 222:.\Generated_Source\PSoC4/Cm0Start.c **** 
 223:.\Generated_Source\PSoC4/Cm0Start.c **** /*******************************************************************************
 224:.\Generated_Source\PSoC4/Cm0Start.c **** * System Calls of the Red Hat newlib C Library
 225:.\Generated_Source\PSoC4/Cm0Start.c **** *******************************************************************************/
 226:.\Generated_Source\PSoC4/Cm0Start.c **** 
 227:.\Generated_Source\PSoC4/Cm0Start.c **** 
 228:.\Generated_Source\PSoC4/Cm0Start.c **** /*******************************************************************************
 229:.\Generated_Source\PSoC4/Cm0Start.c **** * Function Name: _exit
 230:.\Generated_Source\PSoC4/Cm0Start.c **** ********************************************************************************
 231:.\Generated_Source\PSoC4/Cm0Start.c **** *
ARM GAS  C:\Users\JFDuval\AppData\Local\Temp\cc4f6PgV.s 			page 6


 232:.\Generated_Source\PSoC4/Cm0Start.c **** * Summary:
 233:.\Generated_Source\PSoC4/Cm0Start.c **** *  Exit a program without cleaning up files. If your system doesn't provide
 234:.\Generated_Source\PSoC4/Cm0Start.c **** *  this, it is best to avoid linking with subroutines that require it (exit,
 235:.\Generated_Source\PSoC4/Cm0Start.c **** *  system).
 236:.\Generated_Source\PSoC4/Cm0Start.c **** *
 237:.\Generated_Source\PSoC4/Cm0Start.c **** * Parameters:
 238:.\Generated_Source\PSoC4/Cm0Start.c **** *  status: Status caused program exit.
 239:.\Generated_Source\PSoC4/Cm0Start.c **** *
 240:.\Generated_Source\PSoC4/Cm0Start.c **** * Return:
 241:.\Generated_Source\PSoC4/Cm0Start.c **** *  None
 242:.\Generated_Source\PSoC4/Cm0Start.c **** *
 243:.\Generated_Source\PSoC4/Cm0Start.c **** *******************************************************************************/
 244:.\Generated_Source\PSoC4/Cm0Start.c **** __attribute__((weak))
 245:.\Generated_Source\PSoC4/Cm0Start.c **** void _exit(int status)
 246:.\Generated_Source\PSoC4/Cm0Start.c **** {
  55              		.loc 1 246 0
  56              		.cfi_startproc
  57 0000 80B5     		push	{r7, lr}
  58              		.cfi_def_cfa_offset 8
  59              		.cfi_offset 7, -8
  60              		.cfi_offset 14, -4
  61 0002 84B0     		sub	sp, sp, #16
  62              		.cfi_def_cfa_offset 24
  63 0004 00AF     		add	r7, sp, #0
  64              		.cfi_def_cfa_register 7
  65 0006 7860     		str	r0, [r7, #4]
 247:.\Generated_Source\PSoC4/Cm0Start.c ****     /* Cause divide by 0 exception */
 248:.\Generated_Source\PSoC4/Cm0Start.c ****     int x = status / (int) INT_MAX;
  66              		.loc 1 248 0
  67 0008 7B68     		ldr	r3, [r7, #4]
  68 000a 181C     		mov	r0, r3
  69 000c 0549     		ldr	r1, .L5
  70 000e FFF7FEFF 		bl	__aeabi_idiv
  71 0012 031C     		mov	r3, r0
  72 0014 FB60     		str	r3, [r7, #12]
 249:.\Generated_Source\PSoC4/Cm0Start.c ****     x = 4 / x;
  73              		.loc 1 249 0
  74 0016 0420     		mov	r0, #4
  75 0018 F968     		ldr	r1, [r7, #12]
  76 001a FFF7FEFF 		bl	__aeabi_idiv
  77 001e 031C     		mov	r3, r0
  78 0020 FB60     		str	r3, [r7, #12]
  79              	.L4:
 250:.\Generated_Source\PSoC4/Cm0Start.c **** 
 251:.\Generated_Source\PSoC4/Cm0Start.c ****     while(1)
 252:.\Generated_Source\PSoC4/Cm0Start.c ****     {
 253:.\Generated_Source\PSoC4/Cm0Start.c **** 
 254:.\Generated_Source\PSoC4/Cm0Start.c ****     }
  80              		.loc 1 254 0 discriminator 1
  81 0022 FEE7     		b	.L4
  82              	.L6:
  83              		.align	2
  84              	.L5:
  85 0024 FFFFFF7F 		.word	2147483647
  86              		.cfi_endproc
  87              	.LFE3:
  88              		.size	_exit, .-_exit
ARM GAS  C:\Users\JFDuval\AppData\Local\Temp\cc4f6PgV.s 			page 7


  89              		.section	.text._sbrk,"ax",%progbits
  90              		.align	2
  91              		.weak	_sbrk
  92              		.code	16
  93              		.thumb_func
  94              		.type	_sbrk, %function
  95              	_sbrk:
  96              	.LFB4:
 255:.\Generated_Source\PSoC4/Cm0Start.c **** }
 256:.\Generated_Source\PSoC4/Cm0Start.c **** 
 257:.\Generated_Source\PSoC4/Cm0Start.c **** 
 258:.\Generated_Source\PSoC4/Cm0Start.c **** /*******************************************************************************
 259:.\Generated_Source\PSoC4/Cm0Start.c **** * Function Name: _sbrk
 260:.\Generated_Source\PSoC4/Cm0Start.c **** ********************************************************************************
 261:.\Generated_Source\PSoC4/Cm0Start.c **** *
 262:.\Generated_Source\PSoC4/Cm0Start.c **** * Summary:
 263:.\Generated_Source\PSoC4/Cm0Start.c **** *  Increase program data space. As malloc and related functions depend on this,
 264:.\Generated_Source\PSoC4/Cm0Start.c **** *  it is useful to have a working implementation. The following suffices for a
 265:.\Generated_Source\PSoC4/Cm0Start.c **** *  standalone system; it exploits the symbol end automatically defined by the
 266:.\Generated_Source\PSoC4/Cm0Start.c **** *  GNU linker.
 267:.\Generated_Source\PSoC4/Cm0Start.c **** *
 268:.\Generated_Source\PSoC4/Cm0Start.c **** * Parameters:
 269:.\Generated_Source\PSoC4/Cm0Start.c **** *  nbytes: The number of bytes requested (if the parameter value is positive)
 270:.\Generated_Source\PSoC4/Cm0Start.c **** *  from the heap or returned back to the heap (if the parameter value is
 271:.\Generated_Source\PSoC4/Cm0Start.c **** *  negative).
 272:.\Generated_Source\PSoC4/Cm0Start.c **** *
 273:.\Generated_Source\PSoC4/Cm0Start.c **** * Return:
 274:.\Generated_Source\PSoC4/Cm0Start.c **** *  None
 275:.\Generated_Source\PSoC4/Cm0Start.c **** *
 276:.\Generated_Source\PSoC4/Cm0Start.c **** *******************************************************************************/
 277:.\Generated_Source\PSoC4/Cm0Start.c **** __attribute__((weak))
 278:.\Generated_Source\PSoC4/Cm0Start.c **** void * _sbrk (int nbytes)
 279:.\Generated_Source\PSoC4/Cm0Start.c **** {
  97              		.loc 1 279 0
  98              		.cfi_startproc
  99 0000 80B5     		push	{r7, lr}
 100              		.cfi_def_cfa_offset 8
 101              		.cfi_offset 7, -8
 102              		.cfi_offset 14, -4
 103 0002 84B0     		sub	sp, sp, #16
 104              		.cfi_def_cfa_offset 24
 105 0004 00AF     		add	r7, sp, #0
 106              		.cfi_def_cfa_register 7
 107 0006 7860     		str	r0, [r7, #4]
 280:.\Generated_Source\PSoC4/Cm0Start.c ****     extern int  end;            /* Symbol defined by linker map. Start of free memory (as symbol). 
 281:.\Generated_Source\PSoC4/Cm0Start.c ****     void *      returnValue;
 282:.\Generated_Source\PSoC4/Cm0Start.c **** 
 283:.\Generated_Source\PSoC4/Cm0Start.c ****     /* The statically held previous end of the heap, with its initialization. */
 284:.\Generated_Source\PSoC4/Cm0Start.c ****     static void *heapPointer = (void *) &end;                 /* Previous end */
 285:.\Generated_Source\PSoC4/Cm0Start.c **** 
 286:.\Generated_Source\PSoC4/Cm0Start.c ****     if (((heapPointer + nbytes) - (void *) &end) <= CYDEV_HEAP_SIZE)
 108              		.loc 1 286 0
 109 0008 0F4B     		ldr	r3, .L11
 110 000a 1A68     		ldr	r2, [r3]
 111 000c 7B68     		ldr	r3, [r7, #4]
 112 000e D318     		add	r3, r2, r3
 113 0010 1A1C     		mov	r2, r3
ARM GAS  C:\Users\JFDuval\AppData\Local\Temp\cc4f6PgV.s 			page 8


 114 0012 0E4B     		ldr	r3, .L11+4
 115 0014 D31A     		sub	r3, r2, r3
 116 0016 802B     		cmp	r3, #128
 117 0018 09DC     		bgt	.L8
 287:.\Generated_Source\PSoC4/Cm0Start.c ****     {
 288:.\Generated_Source\PSoC4/Cm0Start.c ****         returnValue  = heapPointer;
 118              		.loc 1 288 0
 119 001a 0B4B     		ldr	r3, .L11
 120 001c 1B68     		ldr	r3, [r3]
 121 001e FB60     		str	r3, [r7, #12]
 289:.\Generated_Source\PSoC4/Cm0Start.c ****         heapPointer += nbytes;
 122              		.loc 1 289 0
 123 0020 094B     		ldr	r3, .L11
 124 0022 1A68     		ldr	r2, [r3]
 125 0024 7B68     		ldr	r3, [r7, #4]
 126 0026 D218     		add	r2, r2, r3
 127 0028 074B     		ldr	r3, .L11
 128 002a 1A60     		str	r2, [r3]
 129 002c 07E0     		b	.L9
 130              	.L8:
 290:.\Generated_Source\PSoC4/Cm0Start.c ****     }
 291:.\Generated_Source\PSoC4/Cm0Start.c ****     else
 292:.\Generated_Source\PSoC4/Cm0Start.c ****     {
 293:.\Generated_Source\PSoC4/Cm0Start.c ****         errno = ENOMEM;
 131              		.loc 1 293 0
 132 002e FFF7FEFF 		bl	__errno
 133 0032 031C     		mov	r3, r0
 134 0034 0C22     		mov	r2, #12
 135 0036 1A60     		str	r2, [r3]
 294:.\Generated_Source\PSoC4/Cm0Start.c ****         returnValue = (void *) -1;
 136              		.loc 1 294 0
 137 0038 0123     		mov	r3, #1
 138 003a 5B42     		neg	r3, r3
 139 003c FB60     		str	r3, [r7, #12]
 140              	.L9:
 295:.\Generated_Source\PSoC4/Cm0Start.c ****     }
 296:.\Generated_Source\PSoC4/Cm0Start.c **** 
 297:.\Generated_Source\PSoC4/Cm0Start.c ****     return (returnValue);
 141              		.loc 1 297 0
 142 003e FB68     		ldr	r3, [r7, #12]
 298:.\Generated_Source\PSoC4/Cm0Start.c **** }
 143              		.loc 1 298 0
 144 0040 181C     		mov	r0, r3
 145 0042 BD46     		mov	sp, r7
 146 0044 04B0     		add	sp, sp, #16
 147              		@ sp needed
 148 0046 80BD     		pop	{r7, pc}
 149              	.L12:
 150              		.align	2
 151              	.L11:
 152 0048 00000000 		.word	heapPointer.4721
 153 004c 00000000 		.word	end
 154              		.cfi_endproc
 155              	.LFE4:
 156              		.size	_sbrk, .-_sbrk
 157              		.section	.text.Start_c,"ax",%progbits
 158              		.align	2
ARM GAS  C:\Users\JFDuval\AppData\Local\Temp\cc4f6PgV.s 			page 9


 159              		.global	Start_c
 160              		.code	16
 161              		.thumb_func
 162              		.type	Start_c, %function
 163              	Start_c:
 164              	.LFB5:
 299:.\Generated_Source\PSoC4/Cm0Start.c **** 
 300:.\Generated_Source\PSoC4/Cm0Start.c **** 
 301:.\Generated_Source\PSoC4/Cm0Start.c **** /*******************************************************************************
 302:.\Generated_Source\PSoC4/Cm0Start.c **** * Function Name: Start_c
 303:.\Generated_Source\PSoC4/Cm0Start.c **** ********************************************************************************
 304:.\Generated_Source\PSoC4/Cm0Start.c **** *
 305:.\Generated_Source\PSoC4/Cm0Start.c **** * Summary:
 306:.\Generated_Source\PSoC4/Cm0Start.c **** *  This function handles initializing the .data and .bss sections in
 307:.\Generated_Source\PSoC4/Cm0Start.c **** *  preparation for running the standard c code.  Once initialization is complete
 308:.\Generated_Source\PSoC4/Cm0Start.c **** *  it will call main().  This function will never return.
 309:.\Generated_Source\PSoC4/Cm0Start.c **** *
 310:.\Generated_Source\PSoC4/Cm0Start.c **** * Parameters:
 311:.\Generated_Source\PSoC4/Cm0Start.c **** *  None
 312:.\Generated_Source\PSoC4/Cm0Start.c **** *
 313:.\Generated_Source\PSoC4/Cm0Start.c **** * Return:
 314:.\Generated_Source\PSoC4/Cm0Start.c **** *  None
 315:.\Generated_Source\PSoC4/Cm0Start.c **** *
 316:.\Generated_Source\PSoC4/Cm0Start.c **** *******************************************************************************/
 317:.\Generated_Source\PSoC4/Cm0Start.c **** void Start_c(void)  __attribute__ ((noreturn));
 318:.\Generated_Source\PSoC4/Cm0Start.c **** void Start_c(void)
 319:.\Generated_Source\PSoC4/Cm0Start.c **** {
 165              		.loc 1 319 0
 166              		.cfi_startproc
 167 0000 80B5     		push	{r7, lr}
 168              		.cfi_def_cfa_offset 8
 169              		.cfi_offset 7, -8
 170              		.cfi_offset 14, -4
 171 0002 86B0     		sub	sp, sp, #24
 172              		.cfi_def_cfa_offset 32
 173 0004 00AF     		add	r7, sp, #0
 174              		.cfi_def_cfa_register 7
 320:.\Generated_Source\PSoC4/Cm0Start.c ****     unsigned regions = __cy_region_num;
 175              		.loc 1 320 0
 176 0006 224B     		ldr	r3, .L21
 177 0008 7B61     		str	r3, [r7, #20]
 321:.\Generated_Source\PSoC4/Cm0Start.c ****     const struct __cy_region *rptr = __cy_regions;
 178              		.loc 1 321 0
 179 000a 224B     		ldr	r3, .L21+4
 180 000c 3B61     		str	r3, [r7, #16]
 322:.\Generated_Source\PSoC4/Cm0Start.c **** 
 323:.\Generated_Source\PSoC4/Cm0Start.c ****     /* Initialize memory */
 324:.\Generated_Source\PSoC4/Cm0Start.c ****     for (regions = __cy_region_num; regions != 0u; regions--)
 181              		.loc 1 324 0
 182 000e 204B     		ldr	r3, .L21
 183 0010 7B61     		str	r3, [r7, #20]
 184 0012 35E0     		b	.L14
 185              	.L19:
 186              	.LBB2:
 325:.\Generated_Source\PSoC4/Cm0Start.c ****     {
 326:.\Generated_Source\PSoC4/Cm0Start.c ****         uint32 *src = (uint32 *)rptr->init;
 187              		.loc 1 326 0
ARM GAS  C:\Users\JFDuval\AppData\Local\Temp\cc4f6PgV.s 			page 10


 188 0014 3B69     		ldr	r3, [r7, #16]
 189 0016 1B68     		ldr	r3, [r3]
 190 0018 FB60     		str	r3, [r7, #12]
 327:.\Generated_Source\PSoC4/Cm0Start.c ****         uint32 *dst = (uint32 *)rptr->data;
 191              		.loc 1 327 0
 192 001a 3B69     		ldr	r3, [r7, #16]
 193 001c 5B68     		ldr	r3, [r3, #4]
 194 001e BB60     		str	r3, [r7, #8]
 328:.\Generated_Source\PSoC4/Cm0Start.c ****         unsigned limit = rptr->init_size;
 195              		.loc 1 328 0
 196 0020 3B69     		ldr	r3, [r7, #16]
 197 0022 9B68     		ldr	r3, [r3, #8]
 198 0024 3B60     		str	r3, [r7]
 329:.\Generated_Source\PSoC4/Cm0Start.c ****         unsigned count;
 330:.\Generated_Source\PSoC4/Cm0Start.c **** 
 331:.\Generated_Source\PSoC4/Cm0Start.c ****         for (count = 0u; count != limit; count += sizeof (uint32))
 199              		.loc 1 331 0
 200 0026 0023     		mov	r3, #0
 201 0028 7B60     		str	r3, [r7, #4]
 202 002a 0CE0     		b	.L15
 203              	.L16:
 332:.\Generated_Source\PSoC4/Cm0Start.c ****         {
 333:.\Generated_Source\PSoC4/Cm0Start.c ****             *dst = *src;
 204              		.loc 1 333 0 discriminator 2
 205 002c FB68     		ldr	r3, [r7, #12]
 206 002e 1A68     		ldr	r2, [r3]
 207 0030 BB68     		ldr	r3, [r7, #8]
 208 0032 1A60     		str	r2, [r3]
 334:.\Generated_Source\PSoC4/Cm0Start.c ****             dst++;
 209              		.loc 1 334 0 discriminator 2
 210 0034 BB68     		ldr	r3, [r7, #8]
 211 0036 0433     		add	r3, r3, #4
 212 0038 BB60     		str	r3, [r7, #8]
 335:.\Generated_Source\PSoC4/Cm0Start.c ****             src++;
 213              		.loc 1 335 0 discriminator 2
 214 003a FB68     		ldr	r3, [r7, #12]
 215 003c 0433     		add	r3, r3, #4
 216 003e FB60     		str	r3, [r7, #12]
 331:.\Generated_Source\PSoC4/Cm0Start.c ****         for (count = 0u; count != limit; count += sizeof (uint32))
 217              		.loc 1 331 0 discriminator 2
 218 0040 7B68     		ldr	r3, [r7, #4]
 219 0042 0433     		add	r3, r3, #4
 220 0044 7B60     		str	r3, [r7, #4]
 221              	.L15:
 331:.\Generated_Source\PSoC4/Cm0Start.c ****         for (count = 0u; count != limit; count += sizeof (uint32))
 222              		.loc 1 331 0 is_stmt 0 discriminator 1
 223 0046 7A68     		ldr	r2, [r7, #4]
 224 0048 3B68     		ldr	r3, [r7]
 225 004a 9A42     		cmp	r2, r3
 226 004c EED1     		bne	.L16
 336:.\Generated_Source\PSoC4/Cm0Start.c ****         }
 337:.\Generated_Source\PSoC4/Cm0Start.c ****         limit = rptr->zero_size;
 227              		.loc 1 337 0 is_stmt 1
 228 004e 3B69     		ldr	r3, [r7, #16]
 229 0050 DB68     		ldr	r3, [r3, #12]
 230 0052 3B60     		str	r3, [r7]
 338:.\Generated_Source\PSoC4/Cm0Start.c ****         for (count = 0u; count != limit; count += sizeof (uint32))
ARM GAS  C:\Users\JFDuval\AppData\Local\Temp\cc4f6PgV.s 			page 11


 231              		.loc 1 338 0
 232 0054 0023     		mov	r3, #0
 233 0056 7B60     		str	r3, [r7, #4]
 234 0058 08E0     		b	.L17
 235              	.L18:
 339:.\Generated_Source\PSoC4/Cm0Start.c ****         {
 340:.\Generated_Source\PSoC4/Cm0Start.c ****             *dst = 0u;
 236              		.loc 1 340 0 discriminator 2
 237 005a BB68     		ldr	r3, [r7, #8]
 238 005c 0022     		mov	r2, #0
 239 005e 1A60     		str	r2, [r3]
 341:.\Generated_Source\PSoC4/Cm0Start.c ****             dst++;
 240              		.loc 1 341 0 discriminator 2
 241 0060 BB68     		ldr	r3, [r7, #8]
 242 0062 0433     		add	r3, r3, #4
 243 0064 BB60     		str	r3, [r7, #8]
 338:.\Generated_Source\PSoC4/Cm0Start.c ****         for (count = 0u; count != limit; count += sizeof (uint32))
 244              		.loc 1 338 0 discriminator 2
 245 0066 7B68     		ldr	r3, [r7, #4]
 246 0068 0433     		add	r3, r3, #4
 247 006a 7B60     		str	r3, [r7, #4]
 248              	.L17:
 338:.\Generated_Source\PSoC4/Cm0Start.c ****         for (count = 0u; count != limit; count += sizeof (uint32))
 249              		.loc 1 338 0 is_stmt 0 discriminator 1
 250 006c 7A68     		ldr	r2, [r7, #4]
 251 006e 3B68     		ldr	r3, [r7]
 252 0070 9A42     		cmp	r2, r3
 253 0072 F2D1     		bne	.L18
 342:.\Generated_Source\PSoC4/Cm0Start.c ****         }
 343:.\Generated_Source\PSoC4/Cm0Start.c **** 
 344:.\Generated_Source\PSoC4/Cm0Start.c ****         rptr++;
 254              		.loc 1 344 0 is_stmt 1
 255 0074 3B69     		ldr	r3, [r7, #16]
 256 0076 1033     		add	r3, r3, #16
 257 0078 3B61     		str	r3, [r7, #16]
 258              	.LBE2:
 324:.\Generated_Source\PSoC4/Cm0Start.c ****     for (regions = __cy_region_num; regions != 0u; regions--)
 259              		.loc 1 324 0
 260 007a 7B69     		ldr	r3, [r7, #20]
 261 007c 013B     		sub	r3, r3, #1
 262 007e 7B61     		str	r3, [r7, #20]
 263              	.L14:
 324:.\Generated_Source\PSoC4/Cm0Start.c ****     for (regions = __cy_region_num; regions != 0u; regions--)
 264              		.loc 1 324 0 is_stmt 0 discriminator 1
 265 0080 7B69     		ldr	r3, [r7, #20]
 266 0082 002B     		cmp	r3, #0
 267 0084 C6D1     		bne	.L19
 345:.\Generated_Source\PSoC4/Cm0Start.c ****     }
 346:.\Generated_Source\PSoC4/Cm0Start.c **** 
 347:.\Generated_Source\PSoC4/Cm0Start.c ****     /* Invoke static objects constructors */
 348:.\Generated_Source\PSoC4/Cm0Start.c ****     __libc_init_array();
 268              		.loc 1 348 0 is_stmt 1
 269 0086 FFF7FEFF 		bl	__libc_init_array
 349:.\Generated_Source\PSoC4/Cm0Start.c ****     (void) main();
 270              		.loc 1 349 0
 271 008a FFF7FEFF 		bl	main
 272              	.L20:
ARM GAS  C:\Users\JFDuval\AppData\Local\Temp\cc4f6PgV.s 			page 12


 350:.\Generated_Source\PSoC4/Cm0Start.c **** 
 351:.\Generated_Source\PSoC4/Cm0Start.c ****     while (1)
 352:.\Generated_Source\PSoC4/Cm0Start.c ****     {
 353:.\Generated_Source\PSoC4/Cm0Start.c ****         /* If main returns, make sure we don't return. */
 354:.\Generated_Source\PSoC4/Cm0Start.c ****     }
 273              		.loc 1 354 0 discriminator 1
 274 008e FEE7     		b	.L20
 275              	.L22:
 276              		.align	2
 277              	.L21:
 278 0090 00000000 		.word	__cy_region_num
 279 0094 00000000 		.word	__cy_regions
 280              		.cfi_endproc
 281              	.LFE5:
 282              		.size	Start_c, .-Start_c
 283              		.section	.text.Reset,"ax",%progbits
 284              		.align	2
 285              		.global	Reset
 286              		.code	16
 287              		.thumb_func
 288              		.type	Reset, %function
 289              	Reset:
 290              	.LFB6:
 355:.\Generated_Source\PSoC4/Cm0Start.c **** }
 356:.\Generated_Source\PSoC4/Cm0Start.c **** 
 357:.\Generated_Source\PSoC4/Cm0Start.c **** 
 358:.\Generated_Source\PSoC4/Cm0Start.c **** /*******************************************************************************
 359:.\Generated_Source\PSoC4/Cm0Start.c **** * Function Name: Reset
 360:.\Generated_Source\PSoC4/Cm0Start.c **** ********************************************************************************
 361:.\Generated_Source\PSoC4/Cm0Start.c **** *
 362:.\Generated_Source\PSoC4/Cm0Start.c **** * Summary:
 363:.\Generated_Source\PSoC4/Cm0Start.c **** *  This function handles the reset interrupt for the GCC toolchain.  This is
 364:.\Generated_Source\PSoC4/Cm0Start.c **** *  the first bit of code that is executed at startup.
 365:.\Generated_Source\PSoC4/Cm0Start.c **** *
 366:.\Generated_Source\PSoC4/Cm0Start.c **** * Parameters:
 367:.\Generated_Source\PSoC4/Cm0Start.c **** *  None
 368:.\Generated_Source\PSoC4/Cm0Start.c **** *
 369:.\Generated_Source\PSoC4/Cm0Start.c **** * Return:
 370:.\Generated_Source\PSoC4/Cm0Start.c **** *  None
 371:.\Generated_Source\PSoC4/Cm0Start.c **** *
 372:.\Generated_Source\PSoC4/Cm0Start.c **** *******************************************************************************/
 373:.\Generated_Source\PSoC4/Cm0Start.c **** void Reset(void)
 374:.\Generated_Source\PSoC4/Cm0Start.c **** {
 291              		.loc 1 374 0
 292              		.cfi_startproc
 293 0000 80B5     		push	{r7, lr}
 294              		.cfi_def_cfa_offset 8
 295              		.cfi_offset 7, -8
 296              		.cfi_offset 14, -4
 297 0002 00AF     		add	r7, sp, #0
 298              		.cfi_def_cfa_register 7
 375:.\Generated_Source\PSoC4/Cm0Start.c ****     #if (CYDEV_PROJ_TYPE == CYDEV_PROJ_TYPE_LOADABLE)
 376:.\Generated_Source\PSoC4/Cm0Start.c ****         /* The bootloadable application image is started at Reset() handler
 377:.\Generated_Source\PSoC4/Cm0Start.c ****         * as a result of a branch instruction execution from the bootloader.
 378:.\Generated_Source\PSoC4/Cm0Start.c ****         * So, the stack pointer needs to be reset to be sure that
 379:.\Generated_Source\PSoC4/Cm0Start.c ****         * there is no garbage in the stack.
 380:.\Generated_Source\PSoC4/Cm0Start.c ****         */
ARM GAS  C:\Users\JFDuval\AppData\Local\Temp\cc4f6PgV.s 			page 13


 381:.\Generated_Source\PSoC4/Cm0Start.c ****         __asm volatile ("MSR msp, %0\n" : : "r" ((uint32)&__cy_stack) : "sp");
 382:.\Generated_Source\PSoC4/Cm0Start.c ****     #endif /* CYDEV_PROJ_TYPE_LOADABLE */
 383:.\Generated_Source\PSoC4/Cm0Start.c **** 
 384:.\Generated_Source\PSoC4/Cm0Start.c ****     #if(CY_IP_SRSSLT)
 385:.\Generated_Source\PSoC4/Cm0Start.c ****         CySysWdtDisable();
 386:.\Generated_Source\PSoC4/Cm0Start.c ****     #endif  /* (CY_IP_SRSSLT) */
 387:.\Generated_Source\PSoC4/Cm0Start.c **** 
 388:.\Generated_Source\PSoC4/Cm0Start.c ****     #if (CYDEV_BOOTLOADER_ENABLE)
 389:.\Generated_Source\PSoC4/Cm0Start.c ****         CyBtldr_CheckLaunch();
 390:.\Generated_Source\PSoC4/Cm0Start.c ****     #endif /* CYDEV_BOOTLOADER_ENABLE */
 391:.\Generated_Source\PSoC4/Cm0Start.c ****     Start_c();
 299              		.loc 1 391 0
 300 0004 FFF7FEFF 		bl	Start_c
 301              		.cfi_endproc
 302              	.LFE6:
 303              		.size	Reset, .-Reset
 304              		.global	CyRamVectors
 305              		.section	.ramvectors,"aw",%progbits
 306              		.align	2
 307              		.type	CyRamVectors, %object
 308              		.size	CyRamVectors, 192
 309              	CyRamVectors:
 310 0000 00000000 		.space	192
 310      00000000 
 310      00000000 
 310      00000000 
 310      00000000 
 311              		.global	RomVectors
 312              		.section	.romvectors,"a",%progbits
 313              		.align	2
 314              		.type	RomVectors, %object
 315              		.size	RomVectors, 16
 316              	RomVectors:
 317 0000 00000000 		.word	__cy_stack
 318 0004 00000000 		.word	Reset
 319 0008 00000000 		.word	IntDefaultHandler
 320 000c 00000000 		.word	IntDefaultHandler
 321              		.section	.text.initialize_psoc,"ax",%progbits
 322              		.align	2
 323              		.global	initialize_psoc
 324              		.code	16
 325              		.thumb_func
 326              		.type	initialize_psoc, %function
 327              	initialize_psoc:
 328              	.LFB7:
 392:.\Generated_Source\PSoC4/Cm0Start.c **** }
 393:.\Generated_Source\PSoC4/Cm0Start.c **** 
 394:.\Generated_Source\PSoC4/Cm0Start.c **** #elif defined (__ICCARM__)
 395:.\Generated_Source\PSoC4/Cm0Start.c **** 
 396:.\Generated_Source\PSoC4/Cm0Start.c **** 
 397:.\Generated_Source\PSoC4/Cm0Start.c **** /*******************************************************************************
 398:.\Generated_Source\PSoC4/Cm0Start.c **** * Function Name: __low_level_init
 399:.\Generated_Source\PSoC4/Cm0Start.c **** ********************************************************************************
 400:.\Generated_Source\PSoC4/Cm0Start.c **** *
 401:.\Generated_Source\PSoC4/Cm0Start.c **** * Summary:
 402:.\Generated_Source\PSoC4/Cm0Start.c **** *  This function performs early initializations for the IAR Embedded
 403:.\Generated_Source\PSoC4/Cm0Start.c **** *  Workbench IDE. It is executed in the context of reset interrupt handler
ARM GAS  C:\Users\JFDuval\AppData\Local\Temp\cc4f6PgV.s 			page 14


 404:.\Generated_Source\PSoC4/Cm0Start.c **** *  before the data sections are initialized.
 405:.\Generated_Source\PSoC4/Cm0Start.c **** *
 406:.\Generated_Source\PSoC4/Cm0Start.c **** * Parameters:
 407:.\Generated_Source\PSoC4/Cm0Start.c **** *  None
 408:.\Generated_Source\PSoC4/Cm0Start.c **** *
 409:.\Generated_Source\PSoC4/Cm0Start.c **** * Return:
 410:.\Generated_Source\PSoC4/Cm0Start.c **** *  The value that determines whether or not data sections should be initialized
 411:.\Generated_Source\PSoC4/Cm0Start.c **** *  by the system startup code:
 412:.\Generated_Source\PSoC4/Cm0Start.c **** *    0 - skip data sections initialization;
 413:.\Generated_Source\PSoC4/Cm0Start.c **** *    1 - initialize data sections;
 414:.\Generated_Source\PSoC4/Cm0Start.c **** *
 415:.\Generated_Source\PSoC4/Cm0Start.c **** *******************************************************************************/
 416:.\Generated_Source\PSoC4/Cm0Start.c **** int __low_level_init(void)
 417:.\Generated_Source\PSoC4/Cm0Start.c **** {
 418:.\Generated_Source\PSoC4/Cm0Start.c ****     #if(CY_IP_SRSSLT)
 419:.\Generated_Source\PSoC4/Cm0Start.c ****         CySysWdtDisable();
 420:.\Generated_Source\PSoC4/Cm0Start.c ****     #endif  /* (CY_IP_SRSSLT) */
 421:.\Generated_Source\PSoC4/Cm0Start.c **** 
 422:.\Generated_Source\PSoC4/Cm0Start.c **** #if (CYDEV_BOOTLOADER_ENABLE)
 423:.\Generated_Source\PSoC4/Cm0Start.c ****     CyBtldr_CheckLaunch();
 424:.\Generated_Source\PSoC4/Cm0Start.c **** #endif /* CYDEV_BOOTLOADER_ENABLE */
 425:.\Generated_Source\PSoC4/Cm0Start.c **** 
 426:.\Generated_Source\PSoC4/Cm0Start.c ****     /* Initialize data sections */
 427:.\Generated_Source\PSoC4/Cm0Start.c ****     __iar_data_init3();
 428:.\Generated_Source\PSoC4/Cm0Start.c **** 
 429:.\Generated_Source\PSoC4/Cm0Start.c ****     initialize_psoc();
 430:.\Generated_Source\PSoC4/Cm0Start.c **** 
 431:.\Generated_Source\PSoC4/Cm0Start.c ****     return 0;
 432:.\Generated_Source\PSoC4/Cm0Start.c **** }
 433:.\Generated_Source\PSoC4/Cm0Start.c **** 
 434:.\Generated_Source\PSoC4/Cm0Start.c **** #endif /* __GNUC__ */
 435:.\Generated_Source\PSoC4/Cm0Start.c **** 
 436:.\Generated_Source\PSoC4/Cm0Start.c **** 
 437:.\Generated_Source\PSoC4/Cm0Start.c **** /*******************************************************************************
 438:.\Generated_Source\PSoC4/Cm0Start.c **** * Ram Interrupt Vector table storage area. Must be placed at 0x20000000.
 439:.\Generated_Source\PSoC4/Cm0Start.c **** *******************************************************************************/
 440:.\Generated_Source\PSoC4/Cm0Start.c **** 
 441:.\Generated_Source\PSoC4/Cm0Start.c **** #if defined (__ICCARM__)
 442:.\Generated_Source\PSoC4/Cm0Start.c ****     #pragma location=".ramvectors"
 443:.\Generated_Source\PSoC4/Cm0Start.c **** #else
 444:.\Generated_Source\PSoC4/Cm0Start.c ****     CY_SECTION(".ramvectors")
 445:.\Generated_Source\PSoC4/Cm0Start.c **** #endif  /* defined (__ICCARM__) */
 446:.\Generated_Source\PSoC4/Cm0Start.c **** cyisraddress CyRamVectors[CY_NUM_VECTORS];
 447:.\Generated_Source\PSoC4/Cm0Start.c **** 
 448:.\Generated_Source\PSoC4/Cm0Start.c **** 
 449:.\Generated_Source\PSoC4/Cm0Start.c **** /*******************************************************************************
 450:.\Generated_Source\PSoC4/Cm0Start.c **** * Rom Interrupt Vector table storage area. Must be 256-byte aligned.
 451:.\Generated_Source\PSoC4/Cm0Start.c **** *******************************************************************************/
 452:.\Generated_Source\PSoC4/Cm0Start.c **** 
 453:.\Generated_Source\PSoC4/Cm0Start.c **** #if defined(__ARMCC_VERSION)
 454:.\Generated_Source\PSoC4/Cm0Start.c ****     /* Suppress diagnostic message 1296-D: extended constant initialiser used */
 455:.\Generated_Source\PSoC4/Cm0Start.c ****     #pragma diag_suppress 1296
 456:.\Generated_Source\PSoC4/Cm0Start.c **** #endif  /* defined(__ARMCC_VERSION) */
 457:.\Generated_Source\PSoC4/Cm0Start.c **** 
 458:.\Generated_Source\PSoC4/Cm0Start.c **** #if defined (__ICCARM__)
 459:.\Generated_Source\PSoC4/Cm0Start.c ****     #pragma location=".romvectors"
 460:.\Generated_Source\PSoC4/Cm0Start.c ****     const intvec_elem __vector_table[CY_NUM_ROM_VECTORS] =
ARM GAS  C:\Users\JFDuval\AppData\Local\Temp\cc4f6PgV.s 			page 15


 461:.\Generated_Source\PSoC4/Cm0Start.c **** #else
 462:.\Generated_Source\PSoC4/Cm0Start.c ****     CY_SECTION(".romvectors")
 463:.\Generated_Source\PSoC4/Cm0Start.c ****     const cyisraddress RomVectors[CY_NUM_ROM_VECTORS] =
 464:.\Generated_Source\PSoC4/Cm0Start.c **** #endif  /* defined (__ICCARM__) */
 465:.\Generated_Source\PSoC4/Cm0Start.c **** {
 466:.\Generated_Source\PSoC4/Cm0Start.c ****     INITIAL_STACK_POINTER,   /* The initial stack pointer  0 */
 467:.\Generated_Source\PSoC4/Cm0Start.c ****     #if defined (__ICCARM__) /* The reset handler          1 */
 468:.\Generated_Source\PSoC4/Cm0Start.c ****         __iar_program_start,
 469:.\Generated_Source\PSoC4/Cm0Start.c ****     #else
 470:.\Generated_Source\PSoC4/Cm0Start.c ****         (cyisraddress)&Reset,
 471:.\Generated_Source\PSoC4/Cm0Start.c ****     #endif  /* defined (__ICCARM__) */
 472:.\Generated_Source\PSoC4/Cm0Start.c ****     &IntDefaultHandler,      /* The NMI handler            2 */
 473:.\Generated_Source\PSoC4/Cm0Start.c ****     &IntDefaultHandler,      /* The hard fault handler     3 */
 474:.\Generated_Source\PSoC4/Cm0Start.c **** };
 475:.\Generated_Source\PSoC4/Cm0Start.c **** 
 476:.\Generated_Source\PSoC4/Cm0Start.c **** #if defined(__ARMCC_VERSION)
 477:.\Generated_Source\PSoC4/Cm0Start.c ****     #pragma diag_default 1296
 478:.\Generated_Source\PSoC4/Cm0Start.c **** #endif  /* defined(__ARMCC_VERSION) */
 479:.\Generated_Source\PSoC4/Cm0Start.c **** 
 480:.\Generated_Source\PSoC4/Cm0Start.c **** 
 481:.\Generated_Source\PSoC4/Cm0Start.c **** /*******************************************************************************
 482:.\Generated_Source\PSoC4/Cm0Start.c **** * Function Name: initialize_psoc
 483:.\Generated_Source\PSoC4/Cm0Start.c **** ********************************************************************************
 484:.\Generated_Source\PSoC4/Cm0Start.c **** *
 485:.\Generated_Source\PSoC4/Cm0Start.c **** * Summary:
 486:.\Generated_Source\PSoC4/Cm0Start.c **** *  This function is used to initialize the PSoC chip before calling main.
 487:.\Generated_Source\PSoC4/Cm0Start.c **** *
 488:.\Generated_Source\PSoC4/Cm0Start.c **** * Parameters:
 489:.\Generated_Source\PSoC4/Cm0Start.c **** *  None
 490:.\Generated_Source\PSoC4/Cm0Start.c **** *
 491:.\Generated_Source\PSoC4/Cm0Start.c **** * Return:
 492:.\Generated_Source\PSoC4/Cm0Start.c **** *  None
 493:.\Generated_Source\PSoC4/Cm0Start.c **** *
 494:.\Generated_Source\PSoC4/Cm0Start.c **** *******************************************************************************/
 495:.\Generated_Source\PSoC4/Cm0Start.c **** #if(defined(__GNUC__) && !defined(__ARMCC_VERSION))
 496:.\Generated_Source\PSoC4/Cm0Start.c **** __attribute__ ((constructor(101)))
 497:.\Generated_Source\PSoC4/Cm0Start.c **** #endif  /* (defined(__GNUC__) && !defined(__ARMCC_VERSION)) */
 498:.\Generated_Source\PSoC4/Cm0Start.c **** void initialize_psoc(void)
 499:.\Generated_Source\PSoC4/Cm0Start.c **** {
 329              		.loc 1 499 0
 330              		.cfi_startproc
 331 0000 80B5     		push	{r7, lr}
 332              		.cfi_def_cfa_offset 8
 333              		.cfi_offset 7, -8
 334              		.cfi_offset 14, -4
 335 0002 82B0     		sub	sp, sp, #8
 336              		.cfi_def_cfa_offset 16
 337 0004 00AF     		add	r7, sp, #0
 338              		.cfi_def_cfa_register 7
 500:.\Generated_Source\PSoC4/Cm0Start.c ****     uint32 indexInit;
 501:.\Generated_Source\PSoC4/Cm0Start.c **** 
 502:.\Generated_Source\PSoC4/Cm0Start.c ****     #if(CY_IP_CPUSSV2)
 503:.\Generated_Source\PSoC4/Cm0Start.c ****         /***********************************************************************
 504:.\Generated_Source\PSoC4/Cm0Start.c ****         * Make sure that Vector Table is located at 0000_0000 in Flash, before
 505:.\Generated_Source\PSoC4/Cm0Start.c ****         * accessing RomVectors or calling functions that may be placed in
 506:.\Generated_Source\PSoC4/Cm0Start.c ****         * .psocinit (cyfitter_cfg and ClockSetup). Note The CY_CPUSS_CONFIG_REG
 507:.\Generated_Source\PSoC4/Cm0Start.c ****         * register is retention for the specified device family.
ARM GAS  C:\Users\JFDuval\AppData\Local\Temp\cc4f6PgV.s 			page 16


 508:.\Generated_Source\PSoC4/Cm0Start.c ****         ***********************************************************************/
 509:.\Generated_Source\PSoC4/Cm0Start.c ****         CY_CPUSS_CONFIG_REG &= (uint32) ~CY_CPUSS_CONFIG_VECT_IN_RAM;
 339              		.loc 1 509 0
 340 0006 154B     		ldr	r3, .L29
 341 0008 144A     		ldr	r2, .L29
 342 000a 1268     		ldr	r2, [r2]
 343 000c 0121     		mov	r1, #1
 344 000e 8A43     		bic	r2, r1
 345 0010 1A60     		str	r2, [r3]
 510:.\Generated_Source\PSoC4/Cm0Start.c ****     #endif  /* (CY_IP_CPUSSV2) */
 511:.\Generated_Source\PSoC4/Cm0Start.c **** 
 512:.\Generated_Source\PSoC4/Cm0Start.c ****     /* Set Ram interrupt vectors to default functions. */
 513:.\Generated_Source\PSoC4/Cm0Start.c ****     for (indexInit = 0u; indexInit < CY_NUM_VECTORS; indexInit++)
 346              		.loc 1 513 0
 347 0012 0023     		mov	r3, #0
 348 0014 7B60     		str	r3, [r7, #4]
 349 0016 0FE0     		b	.L25
 350              	.L28:
 514:.\Generated_Source\PSoC4/Cm0Start.c ****     {
 515:.\Generated_Source\PSoC4/Cm0Start.c ****         CyRamVectors[indexInit] = (indexInit < CY_NUM_ROM_VECTORS) ?
 516:.\Generated_Source\PSoC4/Cm0Start.c ****             #if defined (__ICCARM__)
 517:.\Generated_Source\PSoC4/Cm0Start.c ****                 __vector_table[indexInit].__fun : &IntDefaultHandler;
 518:.\Generated_Source\PSoC4/Cm0Start.c ****             #else
 519:.\Generated_Source\PSoC4/Cm0Start.c ****                 RomVectors[indexInit] : &IntDefaultHandler;
 351              		.loc 1 519 0
 352 0018 7B68     		ldr	r3, [r7, #4]
 353 001a 032B     		cmp	r3, #3
 354 001c 04D8     		bhi	.L26
 355              		.loc 1 519 0 is_stmt 0 discriminator 1
 356 001e 104B     		ldr	r3, .L29+4
 357 0020 7A68     		ldr	r2, [r7, #4]
 358 0022 9200     		lsl	r2, r2, #2
 359 0024 D358     		ldr	r3, [r2, r3]
 360 0026 00E0     		b	.L27
 361              	.L26:
 362              		.loc 1 519 0 discriminator 2
 363 0028 0E4B     		ldr	r3, .L29+8
 364              	.L27:
 515:.\Generated_Source\PSoC4/Cm0Start.c ****         CyRamVectors[indexInit] = (indexInit < CY_NUM_ROM_VECTORS) ?
 365              		.loc 1 515 0 is_stmt 1
 366 002a 0F4A     		ldr	r2, .L29+12
 367 002c 7968     		ldr	r1, [r7, #4]
 368 002e 8900     		lsl	r1, r1, #2
 369 0030 8B50     		str	r3, [r1, r2]
 513:.\Generated_Source\PSoC4/Cm0Start.c ****     for (indexInit = 0u; indexInit < CY_NUM_VECTORS; indexInit++)
 370              		.loc 1 513 0
 371 0032 7B68     		ldr	r3, [r7, #4]
 372 0034 0133     		add	r3, r3, #1
 373 0036 7B60     		str	r3, [r7, #4]
 374              	.L25:
 513:.\Generated_Source\PSoC4/Cm0Start.c ****     for (indexInit = 0u; indexInit < CY_NUM_VECTORS; indexInit++)
 375              		.loc 1 513 0 is_stmt 0 discriminator 1
 376 0038 7B68     		ldr	r3, [r7, #4]
 377 003a 2F2B     		cmp	r3, #47
 378 003c ECD9     		bls	.L28
 520:.\Generated_Source\PSoC4/Cm0Start.c ****             #endif  /* defined (__ICCARM__) */
 521:.\Generated_Source\PSoC4/Cm0Start.c ****     }
ARM GAS  C:\Users\JFDuval\AppData\Local\Temp\cc4f6PgV.s 			page 17


 522:.\Generated_Source\PSoC4/Cm0Start.c **** 
 523:.\Generated_Source\PSoC4/Cm0Start.c ****     /* Initialize configuration registers. */
 524:.\Generated_Source\PSoC4/Cm0Start.c ****     cyfitter_cfg();
 379              		.loc 1 524 0 is_stmt 1
 380 003e FFF7FEFF 		bl	cyfitter_cfg
 525:.\Generated_Source\PSoC4/Cm0Start.c **** 
 526:.\Generated_Source\PSoC4/Cm0Start.c ****     #if !defined (__ICCARM__)
 527:.\Generated_Source\PSoC4/Cm0Start.c ****         /* Actually, no need to clean this variable, just to make compiler happy. */
 528:.\Generated_Source\PSoC4/Cm0Start.c ****         cySysNoInitDataValid = 0u;
 381              		.loc 1 528 0
 382 0042 0A4B     		ldr	r3, .L29+16
 383 0044 0022     		mov	r2, #0
 384 0046 1A60     		str	r2, [r3]
 529:.\Generated_Source\PSoC4/Cm0Start.c ****     #endif  /* !defined (__ICCARM__) */
 530:.\Generated_Source\PSoC4/Cm0Start.c **** 
 531:.\Generated_Source\PSoC4/Cm0Start.c ****     #if (CYDEV_PROJ_TYPE != CYDEV_PROJ_TYPE_STANDARD)
 532:.\Generated_Source\PSoC4/Cm0Start.c **** 
 533:.\Generated_Source\PSoC4/Cm0Start.c ****         /* Need to make sure that this variable will not be optimized out */
 534:.\Generated_Source\PSoC4/Cm0Start.c ****         if (0u == cyBtldrRunType)
 535:.\Generated_Source\PSoC4/Cm0Start.c ****         {
 536:.\Generated_Source\PSoC4/Cm0Start.c ****             cyBtldrRunType = 0u;
 537:.\Generated_Source\PSoC4/Cm0Start.c ****         }
 538:.\Generated_Source\PSoC4/Cm0Start.c **** 
 539:.\Generated_Source\PSoC4/Cm0Start.c ****     #endif  /* (CYDEV_PROJ_TYPE != CYDEV_PROJ_TYPE_STANDARD) */
 540:.\Generated_Source\PSoC4/Cm0Start.c **** 
 541:.\Generated_Source\PSoC4/Cm0Start.c ****     /* Vector Table is located at 0x2000:0000 in SRAM */
 542:.\Generated_Source\PSoC4/Cm0Start.c ****     CY_CPUSS_CONFIG_REG |= CY_CPUSS_CONFIG_VECT_IN_RAM;
 385              		.loc 1 542 0
 386 0048 044B     		ldr	r3, .L29
 387 004a 044A     		ldr	r2, .L29
 388 004c 1268     		ldr	r2, [r2]
 389 004e 0121     		mov	r1, #1
 390 0050 0A43     		orr	r2, r1
 391 0052 1A60     		str	r2, [r3]
 543:.\Generated_Source\PSoC4/Cm0Start.c **** }
 392              		.loc 1 543 0
 393 0054 BD46     		mov	sp, r7
 394 0056 02B0     		add	sp, sp, #8
 395              		@ sp needed
 396 0058 80BD     		pop	{r7, pc}
 397              	.L30:
 398 005a C046     		.align	2
 399              	.L29:
 400 005c 00001040 		.word	1074790400
 401 0060 00000000 		.word	RomVectors
 402 0064 00000000 		.word	IntDefaultHandler
 403 0068 00000000 		.word	CyRamVectors
 404 006c 00000000 		.word	cySysNoInitDataValid
 405              		.cfi_endproc
 406              	.LFE7:
 407              		.size	initialize_psoc, .-initialize_psoc
 408              		.section	.init_array,"aw",%init_array
 409              		.align	2
 410 0000 00000000 		.word	initialize_psoc(target1)
 411              		.data
 412              		.align	2
 413              		.type	heapPointer.4721, %object
ARM GAS  C:\Users\JFDuval\AppData\Local\Temp\cc4f6PgV.s 			page 18


 414              		.size	heapPointer.4721, 4
 415              	heapPointer.4721:
 416 0000 00000000 		.word	end
 417              		.weak	__cy_region_num
 418              		.text
 419              	.Letext0:
 420              		.file 2 ".\\Generated_Source\\PSoC4\\cytypes.h"
 421              		.file 3 "c:\\program files (x86)\\cypress\\psoc creator\\3.1\\psoc creator\\import\\gnu_cs\\arm\\4
 422              		.section	.debug_info,"",%progbits
 423              	.Ldebug_info0:
 424 0000 FB020000 		.4byte	0x2fb
 425 0004 0400     		.2byte	0x4
 426 0006 00000000 		.4byte	.Ldebug_abbrev0
 427 000a 04       		.byte	0x4
 428 000b 01       		.uleb128 0x1
 429 000c 3F010000 		.4byte	.LASF41
 430 0010 01       		.byte	0x1
 431 0011 55020000 		.4byte	.LASF42
 432 0015 FF010000 		.4byte	.LASF43
 433 0019 00000000 		.4byte	.Ldebug_ranges0+0
 434 001d 00000000 		.4byte	0
 435 0021 00000000 		.4byte	.Ldebug_line0
 436 0025 02       		.uleb128 0x2
 437 0026 01       		.byte	0x1
 438 0027 06       		.byte	0x6
 439 0028 8C020000 		.4byte	.LASF0
 440 002c 02       		.uleb128 0x2
 441 002d 01       		.byte	0x1
 442 002e 08       		.byte	0x8
 443 002f 6A000000 		.4byte	.LASF1
 444 0033 02       		.uleb128 0x2
 445 0034 02       		.byte	0x2
 446 0035 05       		.byte	0x5
 447 0036 79020000 		.4byte	.LASF2
 448 003a 02       		.uleb128 0x2
 449 003b 02       		.byte	0x2
 450 003c 07       		.byte	0x7
 451 003d B6000000 		.4byte	.LASF3
 452 0041 02       		.uleb128 0x2
 453 0042 04       		.byte	0x4
 454 0043 05       		.byte	0x5
 455 0044 83020000 		.4byte	.LASF4
 456 0048 02       		.uleb128 0x2
 457 0049 04       		.byte	0x4
 458 004a 07       		.byte	0x7
 459 004b 8F000000 		.4byte	.LASF5
 460 004f 02       		.uleb128 0x2
 461 0050 08       		.byte	0x8
 462 0051 05       		.byte	0x5
 463 0052 EC010000 		.4byte	.LASF6
 464 0056 02       		.uleb128 0x2
 465 0057 08       		.byte	0x8
 466 0058 07       		.byte	0x7
 467 0059 22010000 		.4byte	.LASF7
 468 005d 03       		.uleb128 0x3
 469 005e 04       		.byte	0x4
 470 005f 05       		.byte	0x5
ARM GAS  C:\Users\JFDuval\AppData\Local\Temp\cc4f6PgV.s 			page 19


 471 0060 696E7400 		.ascii	"int\000"
 472 0064 02       		.uleb128 0x2
 473 0065 04       		.byte	0x4
 474 0066 07       		.byte	0x7
 475 0067 15010000 		.4byte	.LASF8
 476 006b 04       		.uleb128 0x4
 477 006c 04010000 		.4byte	.LASF12
 478 0070 02       		.byte	0x2
 479 0071 A3       		.byte	0xa3
 480 0072 48000000 		.4byte	0x48
 481 0076 02       		.uleb128 0x2
 482 0077 04       		.byte	0x4
 483 0078 04       		.byte	0x4
 484 0079 5F000000 		.4byte	.LASF9
 485 007d 02       		.uleb128 0x2
 486 007e 08       		.byte	0x8
 487 007f 04       		.byte	0x4
 488 0080 ED000000 		.4byte	.LASF10
 489 0084 02       		.uleb128 0x2
 490 0085 01       		.byte	0x1
 491 0086 08       		.byte	0x8
 492 0087 FA010000 		.4byte	.LASF11
 493 008b 05       		.uleb128 0x5
 494 008c 00000000 		.4byte	.LASF13
 495 0090 02       		.byte	0x2
 496 0091 4D01     		.2byte	0x14d
 497 0093 97000000 		.4byte	0x97
 498 0097 06       		.uleb128 0x6
 499 0098 6B000000 		.4byte	0x6b
 500 009c 05       		.uleb128 0x5
 501 009d BB010000 		.4byte	.LASF14
 502 00a1 02       		.byte	0x2
 503 00a2 5D01     		.2byte	0x15d
 504 00a4 A8000000 		.4byte	0xa8
 505 00a8 07       		.uleb128 0x7
 506 00a9 04       		.byte	0x4
 507 00aa AE000000 		.4byte	0xae
 508 00ae 08       		.uleb128 0x8
 509 00af 04       		.uleb128 0x4
 510 00b0 06000000 		.4byte	.LASF15
 511 00b4 03       		.byte	0x3
 512 00b5 D4       		.byte	0xd4
 513 00b6 64000000 		.4byte	0x64
 514 00ba 02       		.uleb128 0x2
 515 00bb 04       		.byte	0x4
 516 00bc 07       		.byte	0x7
 517 00bd E3010000 		.4byte	.LASF16
 518 00c1 09       		.uleb128 0x9
 519 00c2 04       		.byte	0x4
 520 00c3 0A       		.uleb128 0xa
 521 00c4 84000000 		.4byte	0x84
 522 00c8 04       		.uleb128 0x4
 523 00c9 D2010000 		.4byte	.LASF17
 524 00cd 01       		.byte	0x1
 525 00ce D0       		.byte	0xd0
 526 00cf 2C000000 		.4byte	0x2c
 527 00d3 0B       		.uleb128 0xb
ARM GAS  C:\Users\JFDuval\AppData\Local\Temp\cc4f6PgV.s 			page 20


 528 00d4 B4020000 		.4byte	.LASF44
 529 00d8 10       		.byte	0x10
 530 00d9 01       		.byte	0x1
 531 00da D2       		.byte	0xd2
 532 00db 10010000 		.4byte	0x110
 533 00df 0C       		.uleb128 0xc
 534 00e0 44000000 		.4byte	.LASF18
 535 00e4 01       		.byte	0x1
 536 00e5 D4       		.byte	0xd4
 537 00e6 10010000 		.4byte	0x110
 538 00ea 00       		.byte	0
 539 00eb 0C       		.uleb128 0xc
 540 00ec 65000000 		.4byte	.LASF19
 541 00f0 01       		.byte	0x1
 542 00f1 D5       		.byte	0xd5
 543 00f2 10010000 		.4byte	0x110
 544 00f6 04       		.byte	0x4
 545 00f7 0C       		.uleb128 0xc
 546 00f8 C8010000 		.4byte	.LASF20
 547 00fc 01       		.byte	0x1
 548 00fd D6       		.byte	0xd6
 549 00fe AF000000 		.4byte	0xaf
 550 0102 08       		.byte	0x8
 551 0103 0C       		.uleb128 0xc
 552 0104 50000000 		.4byte	.LASF21
 553 0108 01       		.byte	0x1
 554 0109 D7       		.byte	0xd7
 555 010a AF000000 		.4byte	0xaf
 556 010e 0C       		.byte	0xc
 557 010f 00       		.byte	0
 558 0110 07       		.uleb128 0x7
 559 0111 04       		.byte	0x4
 560 0112 C8000000 		.4byte	0xc8
 561 0116 0D       		.uleb128 0xd
 562 0117 D5000000 		.4byte	.LASF32
 563 011b 01       		.byte	0x1
 564 011c 68       		.byte	0x68
 565 011d 00000000 		.4byte	.LFB2
 566 0121 06000000 		.4byte	.LFE2-.LFB2
 567 0125 01       		.uleb128 0x1
 568 0126 9C       		.byte	0x9c
 569 0127 0E       		.uleb128 0xe
 570 0128 CF000000 		.4byte	.LASF26
 571 012c 01       		.byte	0x1
 572 012d F5       		.byte	0xf5
 573 012e 00000000 		.4byte	.LFB3
 574 0132 28000000 		.4byte	.LFE3-.LFB3
 575 0136 01       		.uleb128 0x1
 576 0137 9C       		.byte	0x9c
 577 0138 57010000 		.4byte	0x157
 578 013c 0F       		.uleb128 0xf
 579 013d 49000000 		.4byte	.LASF22
 580 0141 01       		.byte	0x1
 581 0142 F5       		.byte	0xf5
 582 0143 5D000000 		.4byte	0x5d
 583 0147 02       		.uleb128 0x2
 584 0148 91       		.byte	0x91
ARM GAS  C:\Users\JFDuval\AppData\Local\Temp\cc4f6PgV.s 			page 21


 585 0149 6C       		.sleb128 -20
 586 014a 10       		.uleb128 0x10
 587 014b 7800     		.ascii	"x\000"
 588 014d 01       		.byte	0x1
 589 014e F8       		.byte	0xf8
 590 014f 5D000000 		.4byte	0x5d
 591 0153 02       		.uleb128 0x2
 592 0154 91       		.byte	0x91
 593 0155 74       		.sleb128 -12
 594 0156 00       		.byte	0
 595 0157 11       		.uleb128 0x11
 596 0158 E7000000 		.4byte	.LASF45
 597 015c 01       		.byte	0x1
 598 015d 1601     		.2byte	0x116
 599 015f C1000000 		.4byte	0xc1
 600 0163 00000000 		.4byte	.LFB4
 601 0167 50000000 		.4byte	.LFE4-.LFB4
 602 016b 01       		.uleb128 0x1
 603 016c 9C       		.byte	0x9c
 604 016d AE010000 		.4byte	0x1ae
 605 0171 12       		.uleb128 0x12
 606 0172 AD020000 		.4byte	.LASF23
 607 0176 01       		.byte	0x1
 608 0177 1601     		.2byte	0x116
 609 0179 5D000000 		.4byte	0x5d
 610 017d 02       		.uleb128 0x2
 611 017e 91       		.byte	0x91
 612 017f 6C       		.sleb128 -20
 613 0180 13       		.uleb128 0x13
 614 0181 656E6400 		.ascii	"end\000"
 615 0185 01       		.byte	0x1
 616 0186 1801     		.2byte	0x118
 617 0188 5D000000 		.4byte	0x5d
 618 018c 14       		.uleb128 0x14
 619 018d 78000000 		.4byte	.LASF24
 620 0191 01       		.byte	0x1
 621 0192 1901     		.2byte	0x119
 622 0194 C1000000 		.4byte	0xc1
 623 0198 02       		.uleb128 0x2
 624 0199 91       		.byte	0x91
 625 019a 74       		.sleb128 -12
 626 019b 14       		.uleb128 0x14
 627 019c 28000000 		.4byte	.LASF25
 628 01a0 01       		.byte	0x1
 629 01a1 1C01     		.2byte	0x11c
 630 01a3 C1000000 		.4byte	0xc1
 631 01a7 05       		.uleb128 0x5
 632 01a8 03       		.byte	0x3
 633 01a9 00000000 		.4byte	heapPointer.4721
 634 01ad 00       		.byte	0
 635 01ae 15       		.uleb128 0x15
 636 01af 1A000000 		.4byte	.LASF27
 637 01b3 01       		.byte	0x1
 638 01b4 3E01     		.2byte	0x13e
 639 01b6 00000000 		.4byte	.LFB5
 640 01ba 98000000 		.4byte	.LFE5-.LFB5
 641 01be 01       		.uleb128 0x1
ARM GAS  C:\Users\JFDuval\AppData\Local\Temp\cc4f6PgV.s 			page 22


 642 01bf 9C       		.byte	0x9c
 643 01c0 29020000 		.4byte	0x229
 644 01c4 14       		.uleb128 0x14
 645 01c5 A5020000 		.4byte	.LASF28
 646 01c9 01       		.byte	0x1
 647 01ca 4001     		.2byte	0x140
 648 01cc 64000000 		.4byte	0x64
 649 01d0 02       		.uleb128 0x2
 650 01d1 91       		.byte	0x91
 651 01d2 74       		.sleb128 -12
 652 01d3 14       		.uleb128 0x14
 653 01d4 5A000000 		.4byte	.LASF29
 654 01d8 01       		.byte	0x1
 655 01d9 4101     		.2byte	0x141
 656 01db 29020000 		.4byte	0x229
 657 01df 02       		.uleb128 0x2
 658 01e0 91       		.byte	0x91
 659 01e1 70       		.sleb128 -16
 660 01e2 16       		.uleb128 0x16
 661 01e3 14000000 		.4byte	.LBB2
 662 01e7 66000000 		.4byte	.LBE2-.LBB2
 663 01eb 17       		.uleb128 0x17
 664 01ec 73726300 		.ascii	"src\000"
 665 01f0 01       		.byte	0x1
 666 01f1 4601     		.2byte	0x146
 667 01f3 34020000 		.4byte	0x234
 668 01f7 02       		.uleb128 0x2
 669 01f8 91       		.byte	0x91
 670 01f9 6C       		.sleb128 -20
 671 01fa 17       		.uleb128 0x17
 672 01fb 64737400 		.ascii	"dst\000"
 673 01ff 01       		.byte	0x1
 674 0200 4701     		.2byte	0x147
 675 0202 34020000 		.4byte	0x234
 676 0206 02       		.uleb128 0x2
 677 0207 91       		.byte	0x91
 678 0208 68       		.sleb128 -24
 679 0209 14       		.uleb128 0x14
 680 020a 39010000 		.4byte	.LASF30
 681 020e 01       		.byte	0x1
 682 020f 4801     		.2byte	0x148
 683 0211 64000000 		.4byte	0x64
 684 0215 02       		.uleb128 0x2
 685 0216 91       		.byte	0x91
 686 0217 60       		.sleb128 -32
 687 0218 14       		.uleb128 0x14
 688 0219 22000000 		.4byte	.LASF31
 689 021d 01       		.byte	0x1
 690 021e 4901     		.2byte	0x149
 691 0220 64000000 		.4byte	0x64
 692 0224 02       		.uleb128 0x2
 693 0225 91       		.byte	0x91
 694 0226 64       		.sleb128 -28
 695 0227 00       		.byte	0
 696 0228 00       		.byte	0
 697 0229 07       		.uleb128 0x7
 698 022a 04       		.byte	0x4
ARM GAS  C:\Users\JFDuval\AppData\Local\Temp\cc4f6PgV.s 			page 23


 699 022b 2F020000 		.4byte	0x22f
 700 022f 0A       		.uleb128 0xa
 701 0230 D3000000 		.4byte	0xd3
 702 0234 07       		.uleb128 0x7
 703 0235 04       		.byte	0x4
 704 0236 6B000000 		.4byte	0x6b
 705 023a 18       		.uleb128 0x18
 706 023b C9000000 		.4byte	.LASF33
 707 023f 01       		.byte	0x1
 708 0240 7501     		.2byte	0x175
 709 0242 00000000 		.4byte	.LFB6
 710 0246 08000000 		.4byte	.LFE6-.LFB6
 711 024a 01       		.uleb128 0x1
 712 024b 9C       		.byte	0x9c
 713 024c 15       		.uleb128 0x15
 714 024d F4000000 		.4byte	.LASF34
 715 0251 01       		.byte	0x1
 716 0252 F201     		.2byte	0x1f2
 717 0254 00000000 		.4byte	.LFB7
 718 0258 70000000 		.4byte	.LFE7-.LFB7
 719 025c 01       		.uleb128 0x1
 720 025d 9C       		.byte	0x9c
 721 025e 72020000 		.4byte	0x272
 722 0262 14       		.uleb128 0x14
 723 0263 0B010000 		.4byte	.LASF35
 724 0267 01       		.byte	0x1
 725 0268 F401     		.2byte	0x1f4
 726 026a 6B000000 		.4byte	0x6b
 727 026e 02       		.uleb128 0x2
 728 026f 91       		.byte	0x91
 729 0270 74       		.sleb128 -12
 730 0271 00       		.byte	0
 731 0272 19       		.uleb128 0x19
 732 0273 A1000000 		.4byte	.LASF36
 733 0277 01       		.byte	0x1
 734 0278 3F       		.byte	0x3f
 735 0279 6B000000 		.4byte	0x6b
 736 027d 05       		.uleb128 0x5
 737 027e 03       		.byte	0x3
 738 027f 00000000 		.4byte	cySysNoInitDataValid
 739 0283 13       		.uleb128 0x13
 740 0284 656E6400 		.ascii	"end\000"
 741 0288 01       		.byte	0x1
 742 0289 1801     		.2byte	0x118
 743 028b 5D000000 		.4byte	0x5d
 744 028f 1A       		.uleb128 0x1a
 745 0290 D3000000 		.4byte	0xd3
 746 0294 9A020000 		.4byte	0x29a
 747 0298 1B       		.uleb128 0x1b
 748 0299 00       		.byte	0
 749 029a 1C       		.uleb128 0x1c
 750 029b 98020000 		.4byte	.LASF37
 751 029f 01       		.byte	0x1
 752 02a0 DA       		.byte	0xda
 753 02a1 A5020000 		.4byte	0x2a5
 754 02a5 0A       		.uleb128 0xa
 755 02a6 8F020000 		.4byte	0x28f
ARM GAS  C:\Users\JFDuval\AppData\Local\Temp\cc4f6PgV.s 			page 24


 756 02aa 1C       		.uleb128 0x1c
 757 02ab 34000000 		.4byte	.LASF38
 758 02af 01       		.byte	0x1
 759 02b0 DB       		.byte	0xdb
 760 02b1 C3000000 		.4byte	0xc3
 761 02b5 1A       		.uleb128 0x1a
 762 02b6 9C000000 		.4byte	0x9c
 763 02ba C5020000 		.4byte	0x2c5
 764 02be 1D       		.uleb128 0x1d
 765 02bf BA000000 		.4byte	0xba
 766 02c3 2F       		.byte	0x2f
 767 02c4 00       		.byte	0
 768 02c5 1E       		.uleb128 0x1e
 769 02c6 0D000000 		.4byte	.LASF39
 770 02ca 01       		.byte	0x1
 771 02cb BE01     		.2byte	0x1be
 772 02cd B5020000 		.4byte	0x2b5
 773 02d1 05       		.uleb128 0x5
 774 02d2 03       		.byte	0x3
 775 02d3 00000000 		.4byte	CyRamVectors
 776 02d7 1A       		.uleb128 0x1a
 777 02d8 9C000000 		.4byte	0x9c
 778 02dc E7020000 		.4byte	0x2e7
 779 02e0 1D       		.uleb128 0x1d
 780 02e1 BA000000 		.4byte	0xba
 781 02e5 03       		.byte	0x3
 782 02e6 00       		.byte	0
 783 02e7 1E       		.uleb128 0x1e
 784 02e8 84000000 		.4byte	.LASF40
 785 02ec 01       		.byte	0x1
 786 02ed CF01     		.2byte	0x1cf
 787 02ef F9020000 		.4byte	0x2f9
 788 02f3 05       		.uleb128 0x5
 789 02f4 03       		.byte	0x3
 790 02f5 00000000 		.4byte	RomVectors
 791 02f9 0A       		.uleb128 0xa
 792 02fa D7020000 		.4byte	0x2d7
 793 02fe 00       		.byte	0
 794              		.section	.debug_abbrev,"",%progbits
 795              	.Ldebug_abbrev0:
 796 0000 01       		.uleb128 0x1
 797 0001 11       		.uleb128 0x11
 798 0002 01       		.byte	0x1
 799 0003 25       		.uleb128 0x25
 800 0004 0E       		.uleb128 0xe
 801 0005 13       		.uleb128 0x13
 802 0006 0B       		.uleb128 0xb
 803 0007 03       		.uleb128 0x3
 804 0008 0E       		.uleb128 0xe
 805 0009 1B       		.uleb128 0x1b
 806 000a 0E       		.uleb128 0xe
 807 000b 55       		.uleb128 0x55
 808 000c 17       		.uleb128 0x17
 809 000d 11       		.uleb128 0x11
 810 000e 01       		.uleb128 0x1
 811 000f 10       		.uleb128 0x10
 812 0010 17       		.uleb128 0x17
ARM GAS  C:\Users\JFDuval\AppData\Local\Temp\cc4f6PgV.s 			page 25


 813 0011 00       		.byte	0
 814 0012 00       		.byte	0
 815 0013 02       		.uleb128 0x2
 816 0014 24       		.uleb128 0x24
 817 0015 00       		.byte	0
 818 0016 0B       		.uleb128 0xb
 819 0017 0B       		.uleb128 0xb
 820 0018 3E       		.uleb128 0x3e
 821 0019 0B       		.uleb128 0xb
 822 001a 03       		.uleb128 0x3
 823 001b 0E       		.uleb128 0xe
 824 001c 00       		.byte	0
 825 001d 00       		.byte	0
 826 001e 03       		.uleb128 0x3
 827 001f 24       		.uleb128 0x24
 828 0020 00       		.byte	0
 829 0021 0B       		.uleb128 0xb
 830 0022 0B       		.uleb128 0xb
 831 0023 3E       		.uleb128 0x3e
 832 0024 0B       		.uleb128 0xb
 833 0025 03       		.uleb128 0x3
 834 0026 08       		.uleb128 0x8
 835 0027 00       		.byte	0
 836 0028 00       		.byte	0
 837 0029 04       		.uleb128 0x4
 838 002a 16       		.uleb128 0x16
 839 002b 00       		.byte	0
 840 002c 03       		.uleb128 0x3
 841 002d 0E       		.uleb128 0xe
 842 002e 3A       		.uleb128 0x3a
 843 002f 0B       		.uleb128 0xb
 844 0030 3B       		.uleb128 0x3b
 845 0031 0B       		.uleb128 0xb
 846 0032 49       		.uleb128 0x49
 847 0033 13       		.uleb128 0x13
 848 0034 00       		.byte	0
 849 0035 00       		.byte	0
 850 0036 05       		.uleb128 0x5
 851 0037 16       		.uleb128 0x16
 852 0038 00       		.byte	0
 853 0039 03       		.uleb128 0x3
 854 003a 0E       		.uleb128 0xe
 855 003b 3A       		.uleb128 0x3a
 856 003c 0B       		.uleb128 0xb
 857 003d 3B       		.uleb128 0x3b
 858 003e 05       		.uleb128 0x5
 859 003f 49       		.uleb128 0x49
 860 0040 13       		.uleb128 0x13
 861 0041 00       		.byte	0
 862 0042 00       		.byte	0
 863 0043 06       		.uleb128 0x6
 864 0044 35       		.uleb128 0x35
 865 0045 00       		.byte	0
 866 0046 49       		.uleb128 0x49
 867 0047 13       		.uleb128 0x13
 868 0048 00       		.byte	0
 869 0049 00       		.byte	0
ARM GAS  C:\Users\JFDuval\AppData\Local\Temp\cc4f6PgV.s 			page 26


 870 004a 07       		.uleb128 0x7
 871 004b 0F       		.uleb128 0xf
 872 004c 00       		.byte	0
 873 004d 0B       		.uleb128 0xb
 874 004e 0B       		.uleb128 0xb
 875 004f 49       		.uleb128 0x49
 876 0050 13       		.uleb128 0x13
 877 0051 00       		.byte	0
 878 0052 00       		.byte	0
 879 0053 08       		.uleb128 0x8
 880 0054 15       		.uleb128 0x15
 881 0055 00       		.byte	0
 882 0056 27       		.uleb128 0x27
 883 0057 19       		.uleb128 0x19
 884 0058 00       		.byte	0
 885 0059 00       		.byte	0
 886 005a 09       		.uleb128 0x9
 887 005b 0F       		.uleb128 0xf
 888 005c 00       		.byte	0
 889 005d 0B       		.uleb128 0xb
 890 005e 0B       		.uleb128 0xb
 891 005f 00       		.byte	0
 892 0060 00       		.byte	0
 893 0061 0A       		.uleb128 0xa
 894 0062 26       		.uleb128 0x26
 895 0063 00       		.byte	0
 896 0064 49       		.uleb128 0x49
 897 0065 13       		.uleb128 0x13
 898 0066 00       		.byte	0
 899 0067 00       		.byte	0
 900 0068 0B       		.uleb128 0xb
 901 0069 13       		.uleb128 0x13
 902 006a 01       		.byte	0x1
 903 006b 03       		.uleb128 0x3
 904 006c 0E       		.uleb128 0xe
 905 006d 0B       		.uleb128 0xb
 906 006e 0B       		.uleb128 0xb
 907 006f 3A       		.uleb128 0x3a
 908 0070 0B       		.uleb128 0xb
 909 0071 3B       		.uleb128 0x3b
 910 0072 0B       		.uleb128 0xb
 911 0073 01       		.uleb128 0x1
 912 0074 13       		.uleb128 0x13
 913 0075 00       		.byte	0
 914 0076 00       		.byte	0
 915 0077 0C       		.uleb128 0xc
 916 0078 0D       		.uleb128 0xd
 917 0079 00       		.byte	0
 918 007a 03       		.uleb128 0x3
 919 007b 0E       		.uleb128 0xe
 920 007c 3A       		.uleb128 0x3a
 921 007d 0B       		.uleb128 0xb
 922 007e 3B       		.uleb128 0x3b
 923 007f 0B       		.uleb128 0xb
 924 0080 49       		.uleb128 0x49
 925 0081 13       		.uleb128 0x13
 926 0082 38       		.uleb128 0x38
ARM GAS  C:\Users\JFDuval\AppData\Local\Temp\cc4f6PgV.s 			page 27


 927 0083 0B       		.uleb128 0xb
 928 0084 00       		.byte	0
 929 0085 00       		.byte	0
 930 0086 0D       		.uleb128 0xd
 931 0087 2E       		.uleb128 0x2e
 932 0088 00       		.byte	0
 933 0089 3F       		.uleb128 0x3f
 934 008a 19       		.uleb128 0x19
 935 008b 03       		.uleb128 0x3
 936 008c 0E       		.uleb128 0xe
 937 008d 3A       		.uleb128 0x3a
 938 008e 0B       		.uleb128 0xb
 939 008f 3B       		.uleb128 0x3b
 940 0090 0B       		.uleb128 0xb
 941 0091 27       		.uleb128 0x27
 942 0092 19       		.uleb128 0x19
 943 0093 11       		.uleb128 0x11
 944 0094 01       		.uleb128 0x1
 945 0095 12       		.uleb128 0x12
 946 0096 06       		.uleb128 0x6
 947 0097 40       		.uleb128 0x40
 948 0098 18       		.uleb128 0x18
 949 0099 9742     		.uleb128 0x2117
 950 009b 19       		.uleb128 0x19
 951 009c 00       		.byte	0
 952 009d 00       		.byte	0
 953 009e 0E       		.uleb128 0xe
 954 009f 2E       		.uleb128 0x2e
 955 00a0 01       		.byte	0x1
 956 00a1 3F       		.uleb128 0x3f
 957 00a2 19       		.uleb128 0x19
 958 00a3 03       		.uleb128 0x3
 959 00a4 0E       		.uleb128 0xe
 960 00a5 3A       		.uleb128 0x3a
 961 00a6 0B       		.uleb128 0xb
 962 00a7 3B       		.uleb128 0x3b
 963 00a8 0B       		.uleb128 0xb
 964 00a9 27       		.uleb128 0x27
 965 00aa 19       		.uleb128 0x19
 966 00ab 11       		.uleb128 0x11
 967 00ac 01       		.uleb128 0x1
 968 00ad 12       		.uleb128 0x12
 969 00ae 06       		.uleb128 0x6
 970 00af 40       		.uleb128 0x40
 971 00b0 18       		.uleb128 0x18
 972 00b1 9642     		.uleb128 0x2116
 973 00b3 19       		.uleb128 0x19
 974 00b4 01       		.uleb128 0x1
 975 00b5 13       		.uleb128 0x13
 976 00b6 00       		.byte	0
 977 00b7 00       		.byte	0
 978 00b8 0F       		.uleb128 0xf
 979 00b9 05       		.uleb128 0x5
 980 00ba 00       		.byte	0
 981 00bb 03       		.uleb128 0x3
 982 00bc 0E       		.uleb128 0xe
 983 00bd 3A       		.uleb128 0x3a
ARM GAS  C:\Users\JFDuval\AppData\Local\Temp\cc4f6PgV.s 			page 28


 984 00be 0B       		.uleb128 0xb
 985 00bf 3B       		.uleb128 0x3b
 986 00c0 0B       		.uleb128 0xb
 987 00c1 49       		.uleb128 0x49
 988 00c2 13       		.uleb128 0x13
 989 00c3 02       		.uleb128 0x2
 990 00c4 18       		.uleb128 0x18
 991 00c5 00       		.byte	0
 992 00c6 00       		.byte	0
 993 00c7 10       		.uleb128 0x10
 994 00c8 34       		.uleb128 0x34
 995 00c9 00       		.byte	0
 996 00ca 03       		.uleb128 0x3
 997 00cb 08       		.uleb128 0x8
 998 00cc 3A       		.uleb128 0x3a
 999 00cd 0B       		.uleb128 0xb
 1000 00ce 3B       		.uleb128 0x3b
 1001 00cf 0B       		.uleb128 0xb
 1002 00d0 49       		.uleb128 0x49
 1003 00d1 13       		.uleb128 0x13
 1004 00d2 02       		.uleb128 0x2
 1005 00d3 18       		.uleb128 0x18
 1006 00d4 00       		.byte	0
 1007 00d5 00       		.byte	0
 1008 00d6 11       		.uleb128 0x11
 1009 00d7 2E       		.uleb128 0x2e
 1010 00d8 01       		.byte	0x1
 1011 00d9 3F       		.uleb128 0x3f
 1012 00da 19       		.uleb128 0x19
 1013 00db 03       		.uleb128 0x3
 1014 00dc 0E       		.uleb128 0xe
 1015 00dd 3A       		.uleb128 0x3a
 1016 00de 0B       		.uleb128 0xb
 1017 00df 3B       		.uleb128 0x3b
 1018 00e0 05       		.uleb128 0x5
 1019 00e1 27       		.uleb128 0x27
 1020 00e2 19       		.uleb128 0x19
 1021 00e3 49       		.uleb128 0x49
 1022 00e4 13       		.uleb128 0x13
 1023 00e5 11       		.uleb128 0x11
 1024 00e6 01       		.uleb128 0x1
 1025 00e7 12       		.uleb128 0x12
 1026 00e8 06       		.uleb128 0x6
 1027 00e9 40       		.uleb128 0x40
 1028 00ea 18       		.uleb128 0x18
 1029 00eb 9642     		.uleb128 0x2116
 1030 00ed 19       		.uleb128 0x19
 1031 00ee 01       		.uleb128 0x1
 1032 00ef 13       		.uleb128 0x13
 1033 00f0 00       		.byte	0
 1034 00f1 00       		.byte	0
 1035 00f2 12       		.uleb128 0x12
 1036 00f3 05       		.uleb128 0x5
 1037 00f4 00       		.byte	0
 1038 00f5 03       		.uleb128 0x3
 1039 00f6 0E       		.uleb128 0xe
 1040 00f7 3A       		.uleb128 0x3a
ARM GAS  C:\Users\JFDuval\AppData\Local\Temp\cc4f6PgV.s 			page 29


 1041 00f8 0B       		.uleb128 0xb
 1042 00f9 3B       		.uleb128 0x3b
 1043 00fa 05       		.uleb128 0x5
 1044 00fb 49       		.uleb128 0x49
 1045 00fc 13       		.uleb128 0x13
 1046 00fd 02       		.uleb128 0x2
 1047 00fe 18       		.uleb128 0x18
 1048 00ff 00       		.byte	0
 1049 0100 00       		.byte	0
 1050 0101 13       		.uleb128 0x13
 1051 0102 34       		.uleb128 0x34
 1052 0103 00       		.byte	0
 1053 0104 03       		.uleb128 0x3
 1054 0105 08       		.uleb128 0x8
 1055 0106 3A       		.uleb128 0x3a
 1056 0107 0B       		.uleb128 0xb
 1057 0108 3B       		.uleb128 0x3b
 1058 0109 05       		.uleb128 0x5
 1059 010a 49       		.uleb128 0x49
 1060 010b 13       		.uleb128 0x13
 1061 010c 3F       		.uleb128 0x3f
 1062 010d 19       		.uleb128 0x19
 1063 010e 3C       		.uleb128 0x3c
 1064 010f 19       		.uleb128 0x19
 1065 0110 00       		.byte	0
 1066 0111 00       		.byte	0
 1067 0112 14       		.uleb128 0x14
 1068 0113 34       		.uleb128 0x34
 1069 0114 00       		.byte	0
 1070 0115 03       		.uleb128 0x3
 1071 0116 0E       		.uleb128 0xe
 1072 0117 3A       		.uleb128 0x3a
 1073 0118 0B       		.uleb128 0xb
 1074 0119 3B       		.uleb128 0x3b
 1075 011a 05       		.uleb128 0x5
 1076 011b 49       		.uleb128 0x49
 1077 011c 13       		.uleb128 0x13
 1078 011d 02       		.uleb128 0x2
 1079 011e 18       		.uleb128 0x18
 1080 011f 00       		.byte	0
 1081 0120 00       		.byte	0
 1082 0121 15       		.uleb128 0x15
 1083 0122 2E       		.uleb128 0x2e
 1084 0123 01       		.byte	0x1
 1085 0124 3F       		.uleb128 0x3f
 1086 0125 19       		.uleb128 0x19
 1087 0126 03       		.uleb128 0x3
 1088 0127 0E       		.uleb128 0xe
 1089 0128 3A       		.uleb128 0x3a
 1090 0129 0B       		.uleb128 0xb
 1091 012a 3B       		.uleb128 0x3b
 1092 012b 05       		.uleb128 0x5
 1093 012c 27       		.uleb128 0x27
 1094 012d 19       		.uleb128 0x19
 1095 012e 11       		.uleb128 0x11
 1096 012f 01       		.uleb128 0x1
 1097 0130 12       		.uleb128 0x12
ARM GAS  C:\Users\JFDuval\AppData\Local\Temp\cc4f6PgV.s 			page 30


 1098 0131 06       		.uleb128 0x6
 1099 0132 40       		.uleb128 0x40
 1100 0133 18       		.uleb128 0x18
 1101 0134 9642     		.uleb128 0x2116
 1102 0136 19       		.uleb128 0x19
 1103 0137 01       		.uleb128 0x1
 1104 0138 13       		.uleb128 0x13
 1105 0139 00       		.byte	0
 1106 013a 00       		.byte	0
 1107 013b 16       		.uleb128 0x16
 1108 013c 0B       		.uleb128 0xb
 1109 013d 01       		.byte	0x1
 1110 013e 11       		.uleb128 0x11
 1111 013f 01       		.uleb128 0x1
 1112 0140 12       		.uleb128 0x12
 1113 0141 06       		.uleb128 0x6
 1114 0142 00       		.byte	0
 1115 0143 00       		.byte	0
 1116 0144 17       		.uleb128 0x17
 1117 0145 34       		.uleb128 0x34
 1118 0146 00       		.byte	0
 1119 0147 03       		.uleb128 0x3
 1120 0148 08       		.uleb128 0x8
 1121 0149 3A       		.uleb128 0x3a
 1122 014a 0B       		.uleb128 0xb
 1123 014b 3B       		.uleb128 0x3b
 1124 014c 05       		.uleb128 0x5
 1125 014d 49       		.uleb128 0x49
 1126 014e 13       		.uleb128 0x13
 1127 014f 02       		.uleb128 0x2
 1128 0150 18       		.uleb128 0x18
 1129 0151 00       		.byte	0
 1130 0152 00       		.byte	0
 1131 0153 18       		.uleb128 0x18
 1132 0154 2E       		.uleb128 0x2e
 1133 0155 00       		.byte	0
 1134 0156 3F       		.uleb128 0x3f
 1135 0157 19       		.uleb128 0x19
 1136 0158 03       		.uleb128 0x3
 1137 0159 0E       		.uleb128 0xe
 1138 015a 3A       		.uleb128 0x3a
 1139 015b 0B       		.uleb128 0xb
 1140 015c 3B       		.uleb128 0x3b
 1141 015d 05       		.uleb128 0x5
 1142 015e 27       		.uleb128 0x27
 1143 015f 19       		.uleb128 0x19
 1144 0160 11       		.uleb128 0x11
 1145 0161 01       		.uleb128 0x1
 1146 0162 12       		.uleb128 0x12
 1147 0163 06       		.uleb128 0x6
 1148 0164 40       		.uleb128 0x40
 1149 0165 18       		.uleb128 0x18
 1150 0166 9642     		.uleb128 0x2116
 1151 0168 19       		.uleb128 0x19
 1152 0169 00       		.byte	0
 1153 016a 00       		.byte	0
 1154 016b 19       		.uleb128 0x19
ARM GAS  C:\Users\JFDuval\AppData\Local\Temp\cc4f6PgV.s 			page 31


 1155 016c 34       		.uleb128 0x34
 1156 016d 00       		.byte	0
 1157 016e 03       		.uleb128 0x3
 1158 016f 0E       		.uleb128 0xe
 1159 0170 3A       		.uleb128 0x3a
 1160 0171 0B       		.uleb128 0xb
 1161 0172 3B       		.uleb128 0x3b
 1162 0173 0B       		.uleb128 0xb
 1163 0174 49       		.uleb128 0x49
 1164 0175 13       		.uleb128 0x13
 1165 0176 02       		.uleb128 0x2
 1166 0177 18       		.uleb128 0x18
 1167 0178 00       		.byte	0
 1168 0179 00       		.byte	0
 1169 017a 1A       		.uleb128 0x1a
 1170 017b 01       		.uleb128 0x1
 1171 017c 01       		.byte	0x1
 1172 017d 49       		.uleb128 0x49
 1173 017e 13       		.uleb128 0x13
 1174 017f 01       		.uleb128 0x1
 1175 0180 13       		.uleb128 0x13
 1176 0181 00       		.byte	0
 1177 0182 00       		.byte	0
 1178 0183 1B       		.uleb128 0x1b
 1179 0184 21       		.uleb128 0x21
 1180 0185 00       		.byte	0
 1181 0186 00       		.byte	0
 1182 0187 00       		.byte	0
 1183 0188 1C       		.uleb128 0x1c
 1184 0189 34       		.uleb128 0x34
 1185 018a 00       		.byte	0
 1186 018b 03       		.uleb128 0x3
 1187 018c 0E       		.uleb128 0xe
 1188 018d 3A       		.uleb128 0x3a
 1189 018e 0B       		.uleb128 0xb
 1190 018f 3B       		.uleb128 0x3b
 1191 0190 0B       		.uleb128 0xb
 1192 0191 49       		.uleb128 0x49
 1193 0192 13       		.uleb128 0x13
 1194 0193 3F       		.uleb128 0x3f
 1195 0194 19       		.uleb128 0x19
 1196 0195 3C       		.uleb128 0x3c
 1197 0196 19       		.uleb128 0x19
 1198 0197 00       		.byte	0
 1199 0198 00       		.byte	0
 1200 0199 1D       		.uleb128 0x1d
 1201 019a 21       		.uleb128 0x21
 1202 019b 00       		.byte	0
 1203 019c 49       		.uleb128 0x49
 1204 019d 13       		.uleb128 0x13
 1205 019e 2F       		.uleb128 0x2f
 1206 019f 0B       		.uleb128 0xb
 1207 01a0 00       		.byte	0
 1208 01a1 00       		.byte	0
 1209 01a2 1E       		.uleb128 0x1e
 1210 01a3 34       		.uleb128 0x34
 1211 01a4 00       		.byte	0
ARM GAS  C:\Users\JFDuval\AppData\Local\Temp\cc4f6PgV.s 			page 32


 1212 01a5 03       		.uleb128 0x3
 1213 01a6 0E       		.uleb128 0xe
 1214 01a7 3A       		.uleb128 0x3a
 1215 01a8 0B       		.uleb128 0xb
 1216 01a9 3B       		.uleb128 0x3b
 1217 01aa 05       		.uleb128 0x5
 1218 01ab 49       		.uleb128 0x49
 1219 01ac 13       		.uleb128 0x13
 1220 01ad 3F       		.uleb128 0x3f
 1221 01ae 19       		.uleb128 0x19
 1222 01af 02       		.uleb128 0x2
 1223 01b0 18       		.uleb128 0x18
 1224 01b1 00       		.byte	0
 1225 01b2 00       		.byte	0
 1226 01b3 00       		.byte	0
 1227              		.section	.debug_aranges,"",%progbits
 1228 0000 44000000 		.4byte	0x44
 1229 0004 0200     		.2byte	0x2
 1230 0006 00000000 		.4byte	.Ldebug_info0
 1231 000a 04       		.byte	0x4
 1232 000b 00       		.byte	0
 1233 000c 0000     		.2byte	0
 1234 000e 0000     		.2byte	0
 1235 0010 00000000 		.4byte	.LFB2
 1236 0014 06000000 		.4byte	.LFE2-.LFB2
 1237 0018 00000000 		.4byte	.LFB3
 1238 001c 28000000 		.4byte	.LFE3-.LFB3
 1239 0020 00000000 		.4byte	.LFB4
 1240 0024 50000000 		.4byte	.LFE4-.LFB4
 1241 0028 00000000 		.4byte	.LFB5
 1242 002c 98000000 		.4byte	.LFE5-.LFB5
 1243 0030 00000000 		.4byte	.LFB6
 1244 0034 08000000 		.4byte	.LFE6-.LFB6
 1245 0038 00000000 		.4byte	.LFB7
 1246 003c 70000000 		.4byte	.LFE7-.LFB7
 1247 0040 00000000 		.4byte	0
 1248 0044 00000000 		.4byte	0
 1249              		.section	.debug_ranges,"",%progbits
 1250              	.Ldebug_ranges0:
 1251 0000 00000000 		.4byte	.LFB2
 1252 0004 06000000 		.4byte	.LFE2
 1253 0008 00000000 		.4byte	.LFB3
 1254 000c 28000000 		.4byte	.LFE3
 1255 0010 00000000 		.4byte	.LFB4
 1256 0014 50000000 		.4byte	.LFE4
 1257 0018 00000000 		.4byte	.LFB5
 1258 001c 98000000 		.4byte	.LFE5
 1259 0020 00000000 		.4byte	.LFB6
 1260 0024 08000000 		.4byte	.LFE6
 1261 0028 00000000 		.4byte	.LFB7
 1262 002c 70000000 		.4byte	.LFE7
 1263 0030 00000000 		.4byte	0
 1264 0034 00000000 		.4byte	0
 1265              		.section	.debug_line,"",%progbits
 1266              	.Ldebug_line0:
 1267 0000 B8010000 		.section	.debug_str,"MS",%progbits,1
 1267      0200CC00 
ARM GAS  C:\Users\JFDuval\AppData\Local\Temp\cc4f6PgV.s 			page 33


 1267      00000201 
 1267      FB0E0D00 
 1267      01010101 
 1268              	.LASF13:
 1269 0000 72656733 		.ascii	"reg32\000"
 1269      3200
 1270              	.LASF15:
 1271 0006 73697A65 		.ascii	"size_t\000"
 1271      5F7400
 1272              	.LASF39:
 1273 000d 43795261 		.ascii	"CyRamVectors\000"
 1273      6D566563 
 1273      746F7273 
 1273      00
 1274              	.LASF27:
 1275 001a 53746172 		.ascii	"Start_c\000"
 1275      745F6300 
 1276              	.LASF31:
 1277 0022 636F756E 		.ascii	"count\000"
 1277      7400
 1278              	.LASF25:
 1279 0028 68656170 		.ascii	"heapPointer\000"
 1279      506F696E 
 1279      74657200 
 1280              	.LASF38:
 1281 0034 5F5F6379 		.ascii	"__cy_region_num\000"
 1281      5F726567 
 1281      696F6E5F 
 1281      6E756D00 
 1282              	.LASF18:
 1283 0044 696E6974 		.ascii	"init\000"
 1283      00
 1284              	.LASF22:
 1285 0049 73746174 		.ascii	"status\000"
 1285      757300
 1286              	.LASF21:
 1287 0050 7A65726F 		.ascii	"zero_size\000"
 1287      5F73697A 
 1287      6500
 1288              	.LASF29:
 1289 005a 72707472 		.ascii	"rptr\000"
 1289      00
 1290              	.LASF9:
 1291 005f 666C6F61 		.ascii	"float\000"
 1291      7400
 1292              	.LASF19:
 1293 0065 64617461 		.ascii	"data\000"
 1293      00
 1294              	.LASF1:
 1295 006a 756E7369 		.ascii	"unsigned char\000"
 1295      676E6564 
 1295      20636861 
 1295      7200
 1296              	.LASF24:
 1297 0078 72657475 		.ascii	"returnValue\000"
 1297      726E5661 
 1297      6C756500 
ARM GAS  C:\Users\JFDuval\AppData\Local\Temp\cc4f6PgV.s 			page 34


 1298              	.LASF40:
 1299 0084 526F6D56 		.ascii	"RomVectors\000"
 1299      6563746F 
 1299      727300
 1300              	.LASF5:
 1301 008f 6C6F6E67 		.ascii	"long unsigned int\000"
 1301      20756E73 
 1301      69676E65 
 1301      6420696E 
 1301      7400
 1302              	.LASF36:
 1303 00a1 63795379 		.ascii	"cySysNoInitDataValid\000"
 1303      734E6F49 
 1303      6E697444 
 1303      61746156 
 1303      616C6964 
 1304              	.LASF3:
 1305 00b6 73686F72 		.ascii	"short unsigned int\000"
 1305      7420756E 
 1305      7369676E 
 1305      65642069 
 1305      6E7400
 1306              	.LASF33:
 1307 00c9 52657365 		.ascii	"Reset\000"
 1307      7400
 1308              	.LASF26:
 1309 00cf 5F657869 		.ascii	"_exit\000"
 1309      7400
 1310              	.LASF32:
 1311 00d5 496E7444 		.ascii	"IntDefaultHandler\000"
 1311      65666175 
 1311      6C744861 
 1311      6E646C65 
 1311      7200
 1312              	.LASF45:
 1313 00e7 5F736272 		.ascii	"_sbrk\000"
 1313      6B00
 1314              	.LASF10:
 1315 00ed 646F7562 		.ascii	"double\000"
 1315      6C6500
 1316              	.LASF34:
 1317 00f4 696E6974 		.ascii	"initialize_psoc\000"
 1317      69616C69 
 1317      7A655F70 
 1317      736F6300 
 1318              	.LASF12:
 1319 0104 75696E74 		.ascii	"uint32\000"
 1319      333200
 1320              	.LASF35:
 1321 010b 696E6465 		.ascii	"indexInit\000"
 1321      78496E69 
 1321      7400
 1322              	.LASF8:
 1323 0115 756E7369 		.ascii	"unsigned int\000"
 1323      676E6564 
 1323      20696E74 
 1323      00
ARM GAS  C:\Users\JFDuval\AppData\Local\Temp\cc4f6PgV.s 			page 35


 1324              	.LASF7:
 1325 0122 6C6F6E67 		.ascii	"long long unsigned int\000"
 1325      206C6F6E 
 1325      6720756E 
 1325      7369676E 
 1325      65642069 
 1326              	.LASF30:
 1327 0139 6C696D69 		.ascii	"limit\000"
 1327      7400
 1328              	.LASF41:
 1329 013f 474E5520 		.ascii	"GNU C 4.8.4 20140526 (release) [ARM/embedded-4_8-br"
 1329      4320342E 
 1329      382E3420 
 1329      32303134 
 1329      30353236 
 1330 0172 616E6368 		.ascii	"anch revision 211358] -mcpu=cortex-m0 -mthumb -g -O"
 1330      20726576 
 1330      6973696F 
 1330      6E203231 
 1330      31333538 
 1331 01a5 30202D66 		.ascii	"0 -ffunction-sections\000"
 1331      66756E63 
 1331      74696F6E 
 1331      2D736563 
 1331      74696F6E 
 1332              	.LASF14:
 1333 01bb 63796973 		.ascii	"cyisraddress\000"
 1333      72616464 
 1333      72657373 
 1333      00
 1334              	.LASF20:
 1335 01c8 696E6974 		.ascii	"init_size\000"
 1335      5F73697A 
 1335      6500
 1336              	.LASF17:
 1337 01d2 5F5F6379 		.ascii	"__cy_byte_align8\000"
 1337      5F627974 
 1337      655F616C 
 1337      69676E38 
 1337      00
 1338              	.LASF16:
 1339 01e3 73697A65 		.ascii	"sizetype\000"
 1339      74797065 
 1339      00
 1340              	.LASF6:
 1341 01ec 6C6F6E67 		.ascii	"long long int\000"
 1341      206C6F6E 
 1341      6720696E 
 1341      7400
 1342              	.LASF11:
 1343 01fa 63686172 		.ascii	"char\000"
 1343      00
 1344              	.LASF43:
 1345 01ff 433A5C55 		.ascii	"C:\\Users\\JFDuval\\Desktop\\Work_Folder\\Biomech-E"
 1345      73657273 
 1345      5C4A4644 
 1345      7576616C 
ARM GAS  C:\Users\JFDuval\AppData\Local\Temp\cc4f6PgV.s 			page 36


 1345      5C446573 
 1346 022d 452D5356 		.ascii	"E-SVN2\\Code\\flexsea_1_0\\batt\\Batt.cydsn\000"
 1346      4E325C43 
 1346      6F64655C 
 1346      666C6578 
 1346      7365615F 
 1347              	.LASF42:
 1348 0255 2E5C4765 		.ascii	".\\Generated_Source\\PSoC4\\Cm0Start.c\000"
 1348      6E657261 
 1348      7465645F 
 1348      536F7572 
 1348      63655C50 
 1349              	.LASF2:
 1350 0279 73686F72 		.ascii	"short int\000"
 1350      7420696E 
 1350      7400
 1351              	.LASF4:
 1352 0283 6C6F6E67 		.ascii	"long int\000"
 1352      20696E74 
 1352      00
 1353              	.LASF0:
 1354 028c 7369676E 		.ascii	"signed char\000"
 1354      65642063 
 1354      68617200 
 1355              	.LASF37:
 1356 0298 5F5F6379 		.ascii	"__cy_regions\000"
 1356      5F726567 
 1356      696F6E73 
 1356      00
 1357              	.LASF28:
 1358 02a5 72656769 		.ascii	"regions\000"
 1358      6F6E7300 
 1359              	.LASF23:
 1360 02ad 6E627974 		.ascii	"nbytes\000"
 1360      657300
 1361              	.LASF44:
 1362 02b4 5F5F6379 		.ascii	"__cy_region\000"
 1362      5F726567 
 1362      696F6E00 
 1363              		.ident	"GCC: (GNU Tools for ARM Embedded Processors) 4.8.4 20140526 (release) [ARM/embedded-4_8-br
