ARM GAS  C:\Users\Steven\AppData\Local\Temp\ccCdlLee.s 			page 1


   1              		.cpu cortex-m0
   2              		.fpu softvfp
   3              		.eabi_attribute 20, 1
   4              		.eabi_attribute 21, 1
   5              		.eabi_attribute 23, 3
   6              		.eabi_attribute 24, 1
   7              		.eabi_attribute 25, 1
   8              		.eabi_attribute 26, 1
   9              		.eabi_attribute 30, 6
  10              		.eabi_attribute 34, 0
  11              		.eabi_attribute 18, 4
  12              		.code	16
  13              		.file	"SPI_1_SPI.c"
  14              		.text
  15              	.Ltext0:
  16              		.cfi_sections	.debug_frame
  17              		.section	.text.SPI_1_SpiInit,"ax",%progbits
  18              		.align	2
  19              		.global	SPI_1_SpiInit
  20              		.code	16
  21              		.thumb_func
  22              		.type	SPI_1_SpiInit, %function
  23              	SPI_1_SpiInit:
  24              	.LFB2:
  25              		.file 1 ".\\Generated_Source\\PSoC4\\SPI_1_SPI.c"
   1:.\Generated_Source\PSoC4/SPI_1_SPI.c **** /*******************************************************************************
   2:.\Generated_Source\PSoC4/SPI_1_SPI.c **** * File Name: SPI_1_SPI.c
   3:.\Generated_Source\PSoC4/SPI_1_SPI.c **** * Version 2.0
   4:.\Generated_Source\PSoC4/SPI_1_SPI.c **** *
   5:.\Generated_Source\PSoC4/SPI_1_SPI.c **** * Description:
   6:.\Generated_Source\PSoC4/SPI_1_SPI.c **** *  This file provides the source code to the API for the SCB Component in
   7:.\Generated_Source\PSoC4/SPI_1_SPI.c **** *  SPI mode.
   8:.\Generated_Source\PSoC4/SPI_1_SPI.c **** *
   9:.\Generated_Source\PSoC4/SPI_1_SPI.c **** * Note:
  10:.\Generated_Source\PSoC4/SPI_1_SPI.c **** *
  11:.\Generated_Source\PSoC4/SPI_1_SPI.c **** *******************************************************************************
  12:.\Generated_Source\PSoC4/SPI_1_SPI.c **** * Copyright 2013-2014, Cypress Semiconductor Corporation.  All rights reserved.
  13:.\Generated_Source\PSoC4/SPI_1_SPI.c **** * You may use this file only in accordance with the license, terms, conditions,
  14:.\Generated_Source\PSoC4/SPI_1_SPI.c **** * disclaimers, and limitations in the end user license agreement accompanying
  15:.\Generated_Source\PSoC4/SPI_1_SPI.c **** * the software package with which this file was provided.
  16:.\Generated_Source\PSoC4/SPI_1_SPI.c **** *******************************************************************************/
  17:.\Generated_Source\PSoC4/SPI_1_SPI.c **** 
  18:.\Generated_Source\PSoC4/SPI_1_SPI.c **** #include "SPI_1_PVT.h"
  19:.\Generated_Source\PSoC4/SPI_1_SPI.c **** #include "SPI_1_SPI_UART_PVT.h"
  20:.\Generated_Source\PSoC4/SPI_1_SPI.c **** 
  21:.\Generated_Source\PSoC4/SPI_1_SPI.c **** #if(SPI_1_SCB_MODE_UNCONFIG_CONST_CFG)
  22:.\Generated_Source\PSoC4/SPI_1_SPI.c **** 
  23:.\Generated_Source\PSoC4/SPI_1_SPI.c ****     /***************************************
  24:.\Generated_Source\PSoC4/SPI_1_SPI.c ****     *  Configuration Structure Initialization
  25:.\Generated_Source\PSoC4/SPI_1_SPI.c ****     ***************************************/
  26:.\Generated_Source\PSoC4/SPI_1_SPI.c **** 
  27:.\Generated_Source\PSoC4/SPI_1_SPI.c ****     const SPI_1_SPI_INIT_STRUCT SPI_1_configSpi =
  28:.\Generated_Source\PSoC4/SPI_1_SPI.c ****     {
  29:.\Generated_Source\PSoC4/SPI_1_SPI.c ****         SPI_1_SPI_MODE,
  30:.\Generated_Source\PSoC4/SPI_1_SPI.c ****         SPI_1_SPI_SUB_MODE,
  31:.\Generated_Source\PSoC4/SPI_1_SPI.c ****         SPI_1_SPI_CLOCK_MODE,
  32:.\Generated_Source\PSoC4/SPI_1_SPI.c ****         SPI_1_SPI_OVS_FACTOR,
ARM GAS  C:\Users\Steven\AppData\Local\Temp\ccCdlLee.s 			page 2


  33:.\Generated_Source\PSoC4/SPI_1_SPI.c ****         SPI_1_SPI_MEDIAN_FILTER_ENABLE,
  34:.\Generated_Source\PSoC4/SPI_1_SPI.c ****         SPI_1_SPI_LATE_MISO_SAMPLE_ENABLE,
  35:.\Generated_Source\PSoC4/SPI_1_SPI.c ****         SPI_1_SPI_WAKE_ENABLE,
  36:.\Generated_Source\PSoC4/SPI_1_SPI.c ****         SPI_1_SPI_RX_DATA_BITS_NUM,
  37:.\Generated_Source\PSoC4/SPI_1_SPI.c ****         SPI_1_SPI_TX_DATA_BITS_NUM,
  38:.\Generated_Source\PSoC4/SPI_1_SPI.c ****         SPI_1_SPI_BITS_ORDER,
  39:.\Generated_Source\PSoC4/SPI_1_SPI.c ****         SPI_1_SPI_TRANSFER_SEPARATION,
  40:.\Generated_Source\PSoC4/SPI_1_SPI.c ****         0u,
  41:.\Generated_Source\PSoC4/SPI_1_SPI.c ****         NULL,
  42:.\Generated_Source\PSoC4/SPI_1_SPI.c ****         0u,
  43:.\Generated_Source\PSoC4/SPI_1_SPI.c ****         NULL,
  44:.\Generated_Source\PSoC4/SPI_1_SPI.c ****         (uint32) SPI_1_SCB_IRQ_INTERNAL,
  45:.\Generated_Source\PSoC4/SPI_1_SPI.c ****         SPI_1_SPI_INTR_RX_MASK,
  46:.\Generated_Source\PSoC4/SPI_1_SPI.c ****         SPI_1_SPI_RX_TRIGGER_LEVEL,
  47:.\Generated_Source\PSoC4/SPI_1_SPI.c ****         SPI_1_SPI_INTR_TX_MASK,
  48:.\Generated_Source\PSoC4/SPI_1_SPI.c ****         SPI_1_SPI_TX_TRIGGER_LEVEL,
  49:.\Generated_Source\PSoC4/SPI_1_SPI.c ****         (uint8) SPI_1_SPI_BYTE_MODE_ENABLE,
  50:.\Generated_Source\PSoC4/SPI_1_SPI.c ****         (uint8) SPI_1_SPI_FREE_RUN_SCLK_ENABLE,
  51:.\Generated_Source\PSoC4/SPI_1_SPI.c ****         (uint8) SPI_1_SPI_SS_POLARITY
  52:.\Generated_Source\PSoC4/SPI_1_SPI.c ****     };
  53:.\Generated_Source\PSoC4/SPI_1_SPI.c **** 
  54:.\Generated_Source\PSoC4/SPI_1_SPI.c **** 
  55:.\Generated_Source\PSoC4/SPI_1_SPI.c ****     /*******************************************************************************
  56:.\Generated_Source\PSoC4/SPI_1_SPI.c ****     * Function Name: SPI_1_SpiInit
  57:.\Generated_Source\PSoC4/SPI_1_SPI.c ****     ********************************************************************************
  58:.\Generated_Source\PSoC4/SPI_1_SPI.c ****     *
  59:.\Generated_Source\PSoC4/SPI_1_SPI.c ****     * Summary:
  60:.\Generated_Source\PSoC4/SPI_1_SPI.c ****     *  Configures the SCB for the SPI operation.
  61:.\Generated_Source\PSoC4/SPI_1_SPI.c ****     *
  62:.\Generated_Source\PSoC4/SPI_1_SPI.c ****     * Parameters:
  63:.\Generated_Source\PSoC4/SPI_1_SPI.c ****     *  config:  Pointer to a structure that contains the following ordered list of
  64:.\Generated_Source\PSoC4/SPI_1_SPI.c ****     *           fields. These fields match the selections available in the
  65:.\Generated_Source\PSoC4/SPI_1_SPI.c ****     *           customizer.
  66:.\Generated_Source\PSoC4/SPI_1_SPI.c ****     *
  67:.\Generated_Source\PSoC4/SPI_1_SPI.c ****     * Return:
  68:.\Generated_Source\PSoC4/SPI_1_SPI.c ****     *  None
  69:.\Generated_Source\PSoC4/SPI_1_SPI.c ****     *
  70:.\Generated_Source\PSoC4/SPI_1_SPI.c ****     *******************************************************************************/
  71:.\Generated_Source\PSoC4/SPI_1_SPI.c ****     void SPI_1_SpiInit(const SPI_1_SPI_INIT_STRUCT *config)
  72:.\Generated_Source\PSoC4/SPI_1_SPI.c ****     {
  73:.\Generated_Source\PSoC4/SPI_1_SPI.c ****         if(NULL == config)
  74:.\Generated_Source\PSoC4/SPI_1_SPI.c ****         {
  75:.\Generated_Source\PSoC4/SPI_1_SPI.c ****             CYASSERT(0u != 0u); /* Halt execution due to bad function parameter */
  76:.\Generated_Source\PSoC4/SPI_1_SPI.c ****         }
  77:.\Generated_Source\PSoC4/SPI_1_SPI.c ****         else
  78:.\Generated_Source\PSoC4/SPI_1_SPI.c ****         {
  79:.\Generated_Source\PSoC4/SPI_1_SPI.c ****             /* Configure pins */
  80:.\Generated_Source\PSoC4/SPI_1_SPI.c ****             SPI_1_SetPins(SPI_1_SCB_MODE_SPI, config->mode, SPI_1_DUMMY_PARAM);
  81:.\Generated_Source\PSoC4/SPI_1_SPI.c **** 
  82:.\Generated_Source\PSoC4/SPI_1_SPI.c ****             /* Store internal configuration */
  83:.\Generated_Source\PSoC4/SPI_1_SPI.c ****             SPI_1_scbMode       = (uint8) SPI_1_SCB_MODE_SPI;
  84:.\Generated_Source\PSoC4/SPI_1_SPI.c ****             SPI_1_scbEnableWake = (uint8) config->enableWake;
  85:.\Generated_Source\PSoC4/SPI_1_SPI.c ****             SPI_1_scbEnableIntr = (uint8) config->enableInterrupt;
  86:.\Generated_Source\PSoC4/SPI_1_SPI.c **** 
  87:.\Generated_Source\PSoC4/SPI_1_SPI.c ****             /* Set RX direction internal variables */
  88:.\Generated_Source\PSoC4/SPI_1_SPI.c ****             SPI_1_rxBuffer      =         config->rxBuffer;
  89:.\Generated_Source\PSoC4/SPI_1_SPI.c ****             SPI_1_rxDataBits    = (uint8) config->rxDataBits;
ARM GAS  C:\Users\Steven\AppData\Local\Temp\ccCdlLee.s 			page 3


  90:.\Generated_Source\PSoC4/SPI_1_SPI.c ****             SPI_1_rxBufferSize  = (uint8) config->rxBufferSize;
  91:.\Generated_Source\PSoC4/SPI_1_SPI.c **** 
  92:.\Generated_Source\PSoC4/SPI_1_SPI.c ****             /* Set TX direction internal variables */
  93:.\Generated_Source\PSoC4/SPI_1_SPI.c ****             SPI_1_txBuffer      =         config->txBuffer;
  94:.\Generated_Source\PSoC4/SPI_1_SPI.c ****             SPI_1_txDataBits    = (uint8) config->txDataBits;
  95:.\Generated_Source\PSoC4/SPI_1_SPI.c ****             SPI_1_txBufferSize  = (uint8) config->txBufferSize;
  96:.\Generated_Source\PSoC4/SPI_1_SPI.c **** 
  97:.\Generated_Source\PSoC4/SPI_1_SPI.c ****             /* Configure SPI interface */
  98:.\Generated_Source\PSoC4/SPI_1_SPI.c ****             SPI_1_CTRL_REG     = SPI_1_GET_CTRL_OVS(config->oversample)           |
  99:.\Generated_Source\PSoC4/SPI_1_SPI.c ****                                             SPI_1_GET_CTRL_BYTE_MODE(config->enableByteMode) |
 100:.\Generated_Source\PSoC4/SPI_1_SPI.c ****                                             SPI_1_GET_CTRL_EC_AM_MODE(config->enableWake)    |
 101:.\Generated_Source\PSoC4/SPI_1_SPI.c ****                                             SPI_1_CTRL_SPI;
 102:.\Generated_Source\PSoC4/SPI_1_SPI.c **** 
 103:.\Generated_Source\PSoC4/SPI_1_SPI.c ****             SPI_1_SPI_CTRL_REG = SPI_1_GET_SPI_CTRL_CONTINUOUS    (config->transferSeperation)  |
 104:.\Generated_Source\PSoC4/SPI_1_SPI.c ****                                             SPI_1_GET_SPI_CTRL_SELECT_PRECEDE(config->submode &
 105:.\Generated_Source\PSoC4/SPI_1_SPI.c ****                                                                           SPI_1_SPI_MODE_TI_PRECEDE
 106:.\Generated_Source\PSoC4/SPI_1_SPI.c ****                                             SPI_1_GET_SPI_CTRL_SCLK_MODE     (config->sclkMode)    
 107:.\Generated_Source\PSoC4/SPI_1_SPI.c ****                                             SPI_1_GET_SPI_CTRL_LATE_MISO_SAMPLE(config->enableLateS
 108:.\Generated_Source\PSoC4/SPI_1_SPI.c ****                                             SPI_1_GET_SPI_CTRL_SCLK_CONTINUOUS(config->enableFreeRu
 109:.\Generated_Source\PSoC4/SPI_1_SPI.c ****                                             SPI_1_GET_SPI_CTRL_SSEL_POLARITY (config->polaritySs)  
 110:.\Generated_Source\PSoC4/SPI_1_SPI.c ****                                             SPI_1_GET_SPI_CTRL_SUB_MODE      (config->submode)     
 111:.\Generated_Source\PSoC4/SPI_1_SPI.c ****                                             SPI_1_GET_SPI_CTRL_MASTER_MODE   (config->mode);
 112:.\Generated_Source\PSoC4/SPI_1_SPI.c **** 
 113:.\Generated_Source\PSoC4/SPI_1_SPI.c ****             /* Configure RX direction */
 114:.\Generated_Source\PSoC4/SPI_1_SPI.c ****             SPI_1_RX_CTRL_REG     =  SPI_1_GET_RX_CTRL_DATA_WIDTH(config->rxDataBits)         |
 115:.\Generated_Source\PSoC4/SPI_1_SPI.c ****                                                 SPI_1_GET_RX_CTRL_BIT_ORDER (config->bitOrder)     
 116:.\Generated_Source\PSoC4/SPI_1_SPI.c ****                                                 SPI_1_GET_RX_CTRL_MEDIAN    (config->enableMedianFi
 117:.\Generated_Source\PSoC4/SPI_1_SPI.c ****                                                 SPI_1_SPI_RX_CTRL;
 118:.\Generated_Source\PSoC4/SPI_1_SPI.c **** 
 119:.\Generated_Source\PSoC4/SPI_1_SPI.c ****             SPI_1_RX_FIFO_CTRL_REG = SPI_1_GET_RX_FIFO_CTRL_TRIGGER_LEVEL(config->rxTriggerLevel);
 120:.\Generated_Source\PSoC4/SPI_1_SPI.c **** 
 121:.\Generated_Source\PSoC4/SPI_1_SPI.c ****             /* Configure TX direction */
 122:.\Generated_Source\PSoC4/SPI_1_SPI.c ****             SPI_1_TX_CTRL_REG      = SPI_1_GET_TX_CTRL_DATA_WIDTH(config->txDataBits) |
 123:.\Generated_Source\PSoC4/SPI_1_SPI.c ****                                                 SPI_1_GET_TX_CTRL_BIT_ORDER (config->bitOrder)   |
 124:.\Generated_Source\PSoC4/SPI_1_SPI.c ****                                                 SPI_1_SPI_TX_CTRL;
 125:.\Generated_Source\PSoC4/SPI_1_SPI.c **** 
 126:.\Generated_Source\PSoC4/SPI_1_SPI.c ****             SPI_1_TX_FIFO_CTRL_REG = SPI_1_GET_TX_FIFO_CTRL_TRIGGER_LEVEL(config->txTriggerLevel);
 127:.\Generated_Source\PSoC4/SPI_1_SPI.c **** 
 128:.\Generated_Source\PSoC4/SPI_1_SPI.c ****             /* Configure interrupt with SPI handler but do not enable it */
 129:.\Generated_Source\PSoC4/SPI_1_SPI.c ****             CyIntDisable    (SPI_1_ISR_NUMBER);
 130:.\Generated_Source\PSoC4/SPI_1_SPI.c ****             CyIntSetPriority(SPI_1_ISR_NUMBER, SPI_1_ISR_PRIORITY);
 131:.\Generated_Source\PSoC4/SPI_1_SPI.c ****             (void) CyIntSetVector(SPI_1_ISR_NUMBER, &SPI_1_SPI_UART_ISR);
 132:.\Generated_Source\PSoC4/SPI_1_SPI.c **** 
 133:.\Generated_Source\PSoC4/SPI_1_SPI.c ****             /* Configure interrupt sources */
 134:.\Generated_Source\PSoC4/SPI_1_SPI.c ****             SPI_1_INTR_I2C_EC_MASK_REG = SPI_1_NO_INTR_SOURCES;
 135:.\Generated_Source\PSoC4/SPI_1_SPI.c ****             SPI_1_INTR_SPI_EC_MASK_REG = SPI_1_NO_INTR_SOURCES;
 136:.\Generated_Source\PSoC4/SPI_1_SPI.c ****             SPI_1_INTR_SLAVE_MASK_REG  = SPI_1_GET_SPI_INTR_SLAVE_MASK(config->rxInterruptMask);
 137:.\Generated_Source\PSoC4/SPI_1_SPI.c ****             SPI_1_INTR_MASTER_MASK_REG = SPI_1_GET_SPI_INTR_MASTER_MASK(config->txInterruptMask);
 138:.\Generated_Source\PSoC4/SPI_1_SPI.c ****             SPI_1_INTR_RX_MASK_REG     = SPI_1_GET_SPI_INTR_RX_MASK(config->rxInterruptMask);
 139:.\Generated_Source\PSoC4/SPI_1_SPI.c ****             SPI_1_INTR_TX_MASK_REG     = SPI_1_GET_SPI_INTR_TX_MASK(config->txInterruptMask);
 140:.\Generated_Source\PSoC4/SPI_1_SPI.c **** 
 141:.\Generated_Source\PSoC4/SPI_1_SPI.c ****             /* Set active SS0 */
 142:.\Generated_Source\PSoC4/SPI_1_SPI.c ****             SPI_1_SpiSetActiveSlaveSelect(SPI_1_SPI_SLAVE_SELECT0);
 143:.\Generated_Source\PSoC4/SPI_1_SPI.c **** 
 144:.\Generated_Source\PSoC4/SPI_1_SPI.c ****             /* Clear RX buffer indexes */
 145:.\Generated_Source\PSoC4/SPI_1_SPI.c ****             SPI_1_rxBufferHead     = 0u;
 146:.\Generated_Source\PSoC4/SPI_1_SPI.c ****             SPI_1_rxBufferTail     = 0u;
ARM GAS  C:\Users\Steven\AppData\Local\Temp\ccCdlLee.s 			page 4


 147:.\Generated_Source\PSoC4/SPI_1_SPI.c ****             SPI_1_rxBufferOverflow = 0u;
 148:.\Generated_Source\PSoC4/SPI_1_SPI.c **** 
 149:.\Generated_Source\PSoC4/SPI_1_SPI.c ****             /* Clear TX buffer indexes */
 150:.\Generated_Source\PSoC4/SPI_1_SPI.c ****             SPI_1_txBufferHead = 0u;
 151:.\Generated_Source\PSoC4/SPI_1_SPI.c ****             SPI_1_txBufferTail = 0u;
 152:.\Generated_Source\PSoC4/SPI_1_SPI.c ****         }
 153:.\Generated_Source\PSoC4/SPI_1_SPI.c ****     }
 154:.\Generated_Source\PSoC4/SPI_1_SPI.c **** 
 155:.\Generated_Source\PSoC4/SPI_1_SPI.c **** #else
 156:.\Generated_Source\PSoC4/SPI_1_SPI.c **** 
 157:.\Generated_Source\PSoC4/SPI_1_SPI.c ****     /*******************************************************************************
 158:.\Generated_Source\PSoC4/SPI_1_SPI.c ****     * Function Name: SPI_1_SpiInit
 159:.\Generated_Source\PSoC4/SPI_1_SPI.c ****     ********************************************************************************
 160:.\Generated_Source\PSoC4/SPI_1_SPI.c ****     *
 161:.\Generated_Source\PSoC4/SPI_1_SPI.c ****     * Summary:
 162:.\Generated_Source\PSoC4/SPI_1_SPI.c ****     *  Configures the SCB for the SPI operation.
 163:.\Generated_Source\PSoC4/SPI_1_SPI.c ****     *
 164:.\Generated_Source\PSoC4/SPI_1_SPI.c ****     * Parameters:
 165:.\Generated_Source\PSoC4/SPI_1_SPI.c ****     *  None
 166:.\Generated_Source\PSoC4/SPI_1_SPI.c ****     *
 167:.\Generated_Source\PSoC4/SPI_1_SPI.c ****     * Return:
 168:.\Generated_Source\PSoC4/SPI_1_SPI.c ****     *  None
 169:.\Generated_Source\PSoC4/SPI_1_SPI.c ****     *
 170:.\Generated_Source\PSoC4/SPI_1_SPI.c ****     *******************************************************************************/
 171:.\Generated_Source\PSoC4/SPI_1_SPI.c ****     void SPI_1_SpiInit(void)
 172:.\Generated_Source\PSoC4/SPI_1_SPI.c ****     {
  26              		.loc 1 172 0
  27              		.cfi_startproc
  28 0000 80B5     		push	{r7, lr}
  29              		.cfi_def_cfa_offset 8
  30              		.cfi_offset 7, -8
  31              		.cfi_offset 14, -4
  32 0002 00AF     		add	r7, sp, #0
  33              		.cfi_def_cfa_register 7
 173:.\Generated_Source\PSoC4/SPI_1_SPI.c ****         /* Configure SPI interface */
 174:.\Generated_Source\PSoC4/SPI_1_SPI.c ****         SPI_1_CTRL_REG     = SPI_1_SPI_DEFAULT_CTRL;
  34              		.loc 1 174 0
  35 0004 144B     		ldr	r3, .L2
  36 0006 154A     		ldr	r2, .L2+4
  37 0008 1A60     		str	r2, [r3]
 175:.\Generated_Source\PSoC4/SPI_1_SPI.c ****         SPI_1_SPI_CTRL_REG = SPI_1_SPI_DEFAULT_SPI_CTRL;
  38              		.loc 1 175 0
  39 000a 154B     		ldr	r3, .L2+8
  40 000c 154A     		ldr	r2, .L2+12
  41 000e 1A60     		str	r2, [r3]
 176:.\Generated_Source\PSoC4/SPI_1_SPI.c **** 
 177:.\Generated_Source\PSoC4/SPI_1_SPI.c ****         /* Configure TX and RX direction */
 178:.\Generated_Source\PSoC4/SPI_1_SPI.c ****         SPI_1_RX_CTRL_REG      = SPI_1_SPI_DEFAULT_RX_CTRL;
  42              		.loc 1 178 0
  43 0010 154B     		ldr	r3, .L2+16
  44 0012 164A     		ldr	r2, .L2+20
  45 0014 1A60     		str	r2, [r3]
 179:.\Generated_Source\PSoC4/SPI_1_SPI.c ****         SPI_1_RX_FIFO_CTRL_REG = SPI_1_SPI_DEFAULT_RX_FIFO_CTRL;
  46              		.loc 1 179 0
  47 0016 164B     		ldr	r3, .L2+24
  48 0018 0722     		mov	r2, #7
  49 001a 1A60     		str	r2, [r3]
ARM GAS  C:\Users\Steven\AppData\Local\Temp\ccCdlLee.s 			page 5


 180:.\Generated_Source\PSoC4/SPI_1_SPI.c **** 
 181:.\Generated_Source\PSoC4/SPI_1_SPI.c ****         /* Configure TX and RX direction */
 182:.\Generated_Source\PSoC4/SPI_1_SPI.c ****         SPI_1_TX_CTRL_REG      = SPI_1_SPI_DEFAULT_TX_CTRL;
  50              		.loc 1 182 0
  51 001c 154B     		ldr	r3, .L2+28
  52 001e 134A     		ldr	r2, .L2+20
  53 0020 1A60     		str	r2, [r3]
 183:.\Generated_Source\PSoC4/SPI_1_SPI.c ****         SPI_1_TX_FIFO_CTRL_REG = SPI_1_SPI_DEFAULT_TX_FIFO_CTRL;
  54              		.loc 1 183 0
  55 0022 154B     		ldr	r3, .L2+32
  56 0024 0022     		mov	r2, #0
  57 0026 1A60     		str	r2, [r3]
 184:.\Generated_Source\PSoC4/SPI_1_SPI.c **** 
 185:.\Generated_Source\PSoC4/SPI_1_SPI.c ****         /* Configure interrupt with SPI handler but do not enable it */
 186:.\Generated_Source\PSoC4/SPI_1_SPI.c ****     #if(SPI_1_SCB_IRQ_INTERNAL)
 187:.\Generated_Source\PSoC4/SPI_1_SPI.c ****             CyIntDisable    (SPI_1_ISR_NUMBER);
 188:.\Generated_Source\PSoC4/SPI_1_SPI.c ****             CyIntSetPriority(SPI_1_ISR_NUMBER, SPI_1_ISR_PRIORITY);
 189:.\Generated_Source\PSoC4/SPI_1_SPI.c ****             (void) CyIntSetVector(SPI_1_ISR_NUMBER, &SPI_1_SPI_UART_ISR);
 190:.\Generated_Source\PSoC4/SPI_1_SPI.c ****     #endif /* (SPI_1_SCB_IRQ_INTERNAL) */
 191:.\Generated_Source\PSoC4/SPI_1_SPI.c **** 
 192:.\Generated_Source\PSoC4/SPI_1_SPI.c ****         /* Configure interrupt sources */
 193:.\Generated_Source\PSoC4/SPI_1_SPI.c ****         SPI_1_INTR_I2C_EC_MASK_REG = SPI_1_SPI_DEFAULT_INTR_I2C_EC_MASK;
  58              		.loc 1 193 0
  59 0028 144B     		ldr	r3, .L2+36
  60 002a 0022     		mov	r2, #0
  61 002c 1A60     		str	r2, [r3]
 194:.\Generated_Source\PSoC4/SPI_1_SPI.c ****         SPI_1_INTR_SPI_EC_MASK_REG = SPI_1_SPI_DEFAULT_INTR_SPI_EC_MASK;
  62              		.loc 1 194 0
  63 002e 144B     		ldr	r3, .L2+40
  64 0030 0022     		mov	r2, #0
  65 0032 1A60     		str	r2, [r3]
 195:.\Generated_Source\PSoC4/SPI_1_SPI.c ****         SPI_1_INTR_SLAVE_MASK_REG  = SPI_1_SPI_DEFAULT_INTR_SLAVE_MASK;
  66              		.loc 1 195 0
  67 0034 134B     		ldr	r3, .L2+44
  68 0036 0022     		mov	r2, #0
  69 0038 1A60     		str	r2, [r3]
 196:.\Generated_Source\PSoC4/SPI_1_SPI.c ****         SPI_1_INTR_MASTER_MASK_REG = SPI_1_SPI_DEFAULT_INTR_MASTER_MASK;
  70              		.loc 1 196 0
  71 003a 134B     		ldr	r3, .L2+48
  72 003c 0022     		mov	r2, #0
  73 003e 1A60     		str	r2, [r3]
 197:.\Generated_Source\PSoC4/SPI_1_SPI.c ****         SPI_1_INTR_RX_MASK_REG     = SPI_1_SPI_DEFAULT_INTR_RX_MASK;
  74              		.loc 1 197 0
  75 0040 124B     		ldr	r3, .L2+52
  76 0042 0022     		mov	r2, #0
  77 0044 1A60     		str	r2, [r3]
 198:.\Generated_Source\PSoC4/SPI_1_SPI.c ****         SPI_1_INTR_TX_MASK_REG     = SPI_1_SPI_DEFAULT_INTR_TX_MASK;
  78              		.loc 1 198 0
  79 0046 124B     		ldr	r3, .L2+56
  80 0048 0022     		mov	r2, #0
  81 004a 1A60     		str	r2, [r3]
 199:.\Generated_Source\PSoC4/SPI_1_SPI.c **** 
 200:.\Generated_Source\PSoC4/SPI_1_SPI.c ****         /* Set active SS0 for master */
 201:.\Generated_Source\PSoC4/SPI_1_SPI.c ****     #if (SPI_1_SPI_MASTER_CONST)
 202:.\Generated_Source\PSoC4/SPI_1_SPI.c ****         SPI_1_SpiSetActiveSlaveSelect(SPI_1_SPI_SLAVE_SELECT0);
  82              		.loc 1 202 0
  83 004c 0020     		mov	r0, #0
ARM GAS  C:\Users\Steven\AppData\Local\Temp\ccCdlLee.s 			page 6


  84 004e FFF7FEFF 		bl	SPI_1_SpiSetActiveSlaveSelect
 203:.\Generated_Source\PSoC4/SPI_1_SPI.c ****     #endif /* (SPI_1_SPI_MASTER_CONST) */
 204:.\Generated_Source\PSoC4/SPI_1_SPI.c **** 
 205:.\Generated_Source\PSoC4/SPI_1_SPI.c ****     #if(SPI_1_INTERNAL_RX_SW_BUFFER_CONST)
 206:.\Generated_Source\PSoC4/SPI_1_SPI.c ****         SPI_1_rxBufferHead     = 0u;
 207:.\Generated_Source\PSoC4/SPI_1_SPI.c ****         SPI_1_rxBufferTail     = 0u;
 208:.\Generated_Source\PSoC4/SPI_1_SPI.c ****         SPI_1_rxBufferOverflow = 0u;
 209:.\Generated_Source\PSoC4/SPI_1_SPI.c ****     #endif /* (SPI_1_INTERNAL_RX_SW_BUFFER_CONST) */
 210:.\Generated_Source\PSoC4/SPI_1_SPI.c **** 
 211:.\Generated_Source\PSoC4/SPI_1_SPI.c ****     #if(SPI_1_INTERNAL_TX_SW_BUFFER_CONST)
 212:.\Generated_Source\PSoC4/SPI_1_SPI.c ****         SPI_1_txBufferHead = 0u;
 213:.\Generated_Source\PSoC4/SPI_1_SPI.c ****         SPI_1_txBufferTail = 0u;
 214:.\Generated_Source\PSoC4/SPI_1_SPI.c ****     #endif /* (SPI_1_INTERNAL_TX_SW_BUFFER_CONST) */
 215:.\Generated_Source\PSoC4/SPI_1_SPI.c **** 
 216:.\Generated_Source\PSoC4/SPI_1_SPI.c **** 
 217:.\Generated_Source\PSoC4/SPI_1_SPI.c ****     }
  85              		.loc 1 217 0
  86 0052 BD46     		mov	sp, r7
  87              		@ sp needed
  88 0054 80BD     		pop	{r7, pc}
  89              	.L3:
  90 0056 C046     		.align	2
  91              	.L2:
  92 0058 00002540 		.word	1076166656
  93 005c 0F000001 		.word	16777231
  94 0060 20002540 		.word	1076166688
  95 0064 01000080 		.word	-2147483647
  96 0068 00032540 		.word	1076167424
  97 006c 07010080 		.word	-2147483385
  98 0070 04032540 		.word	1076167428
  99 0074 00022540 		.word	1076167168
 100 0078 04022540 		.word	1076167172
 101 007c 880E2540 		.word	1076170376
 102 0080 C80E2540 		.word	1076170440
 103 0084 480F2540 		.word	1076170568
 104 0088 080F2540 		.word	1076170504
 105 008c C80F2540 		.word	1076170696
 106 0090 880F2540 		.word	1076170632
 107              		.cfi_endproc
 108              	.LFE2:
 109              		.size	SPI_1_SpiInit, .-SPI_1_SpiInit
 110              		.section	.text.SPI_1_SpiSetActiveSlaveSelect,"ax",%progbits
 111              		.align	2
 112              		.global	SPI_1_SpiSetActiveSlaveSelect
 113              		.code	16
 114              		.thumb_func
 115              		.type	SPI_1_SpiSetActiveSlaveSelect, %function
 116              	SPI_1_SpiSetActiveSlaveSelect:
 117              	.LFB3:
 218:.\Generated_Source\PSoC4/SPI_1_SPI.c **** #endif /* (SPI_1_SCB_MODE_UNCONFIG_CONST_CFG) */
 219:.\Generated_Source\PSoC4/SPI_1_SPI.c **** 
 220:.\Generated_Source\PSoC4/SPI_1_SPI.c **** 
 221:.\Generated_Source\PSoC4/SPI_1_SPI.c **** #if (SPI_1_SPI_MASTER_CONST)
 222:.\Generated_Source\PSoC4/SPI_1_SPI.c ****     /*******************************************************************************
 223:.\Generated_Source\PSoC4/SPI_1_SPI.c ****     * Function Name: SPI_1_SetActiveSlaveSelect
 224:.\Generated_Source\PSoC4/SPI_1_SPI.c ****     ********************************************************************************
 225:.\Generated_Source\PSoC4/SPI_1_SPI.c ****     *
ARM GAS  C:\Users\Steven\AppData\Local\Temp\ccCdlLee.s 			page 7


 226:.\Generated_Source\PSoC4/SPI_1_SPI.c ****     * Summary:
 227:.\Generated_Source\PSoC4/SPI_1_SPI.c ****     *  Selects one of the four slave select lines to be active during the transfer.
 228:.\Generated_Source\PSoC4/SPI_1_SPI.c ****     *  After initialization the active slave select line is 0.
 229:.\Generated_Source\PSoC4/SPI_1_SPI.c ****     *  The component should be in one of the following states to change the active
 230:.\Generated_Source\PSoC4/SPI_1_SPI.c ****     *  slave select signal source correctly:
 231:.\Generated_Source\PSoC4/SPI_1_SPI.c ****     *   - The component is disabled
 232:.\Generated_Source\PSoC4/SPI_1_SPI.c ****     *   - The component has completed transfer (TX FIFO is empty and the
 233:.\Generated_Source\PSoC4/SPI_1_SPI.c ****     *     SCB_INTR_MASTER_SPI_DONE status is set)
 234:.\Generated_Source\PSoC4/SPI_1_SPI.c ****     *  This function does not check that these conditions are met.
 235:.\Generated_Source\PSoC4/SPI_1_SPI.c ****     *  This function is only applicable to SPI Master mode of operation.
 236:.\Generated_Source\PSoC4/SPI_1_SPI.c ****     *
 237:.\Generated_Source\PSoC4/SPI_1_SPI.c ****     * Parameters:
 238:.\Generated_Source\PSoC4/SPI_1_SPI.c ****     *  slaveSelect: slave select line which will be active while the following
 239:.\Generated_Source\PSoC4/SPI_1_SPI.c ****     *               transfer.
 240:.\Generated_Source\PSoC4/SPI_1_SPI.c ****     *   SPI_1_SPI_SLAVE_SELECT0 - Slave select 0
 241:.\Generated_Source\PSoC4/SPI_1_SPI.c ****     *   SPI_1_SPI_SLAVE_SELECT1 - Slave select 1
 242:.\Generated_Source\PSoC4/SPI_1_SPI.c ****     *   SPI_1_SPI_SLAVE_SELECT2 - Slave select 2
 243:.\Generated_Source\PSoC4/SPI_1_SPI.c ****     *   SPI_1_SPI_SLAVE_SELECT3 - Slave select 3
 244:.\Generated_Source\PSoC4/SPI_1_SPI.c ****     *
 245:.\Generated_Source\PSoC4/SPI_1_SPI.c ****     * Return:
 246:.\Generated_Source\PSoC4/SPI_1_SPI.c ****     *  None
 247:.\Generated_Source\PSoC4/SPI_1_SPI.c ****     *
 248:.\Generated_Source\PSoC4/SPI_1_SPI.c ****     *******************************************************************************/
 249:.\Generated_Source\PSoC4/SPI_1_SPI.c ****     void SPI_1_SpiSetActiveSlaveSelect(uint32 slaveSelect)
 250:.\Generated_Source\PSoC4/SPI_1_SPI.c ****     {
 118              		.loc 1 250 0
 119              		.cfi_startproc
 120 0000 80B5     		push	{r7, lr}
 121              		.cfi_def_cfa_offset 8
 122              		.cfi_offset 7, -8
 123              		.cfi_offset 14, -4
 124 0002 84B0     		sub	sp, sp, #16
 125              		.cfi_def_cfa_offset 24
 126 0004 00AF     		add	r7, sp, #0
 127              		.cfi_def_cfa_register 7
 128 0006 7860     		str	r0, [r7, #4]
 251:.\Generated_Source\PSoC4/SPI_1_SPI.c ****         uint32 spiCtrl;
 252:.\Generated_Source\PSoC4/SPI_1_SPI.c **** 
 253:.\Generated_Source\PSoC4/SPI_1_SPI.c ****         spiCtrl = SPI_1_SPI_CTRL_REG;
 129              		.loc 1 253 0
 130 0008 0A4B     		ldr	r3, .L5
 131 000a 1B68     		ldr	r3, [r3]
 132 000c FB60     		str	r3, [r7, #12]
 254:.\Generated_Source\PSoC4/SPI_1_SPI.c **** 
 255:.\Generated_Source\PSoC4/SPI_1_SPI.c ****         spiCtrl &= (uint32) ~SPI_1_SPI_CTRL_SLAVE_SELECT_MASK;
 133              		.loc 1 255 0
 134 000e FA68     		ldr	r2, [r7, #12]
 135 0010 094B     		ldr	r3, .L5+4
 136 0012 1340     		and	r3, r2
 137 0014 FB60     		str	r3, [r7, #12]
 256:.\Generated_Source\PSoC4/SPI_1_SPI.c ****         spiCtrl |= (uint32)  SPI_1_GET_SPI_CTRL_SS(slaveSelect);
 138              		.loc 1 256 0
 139 0016 7B68     		ldr	r3, [r7, #4]
 140 0018 9A06     		lsl	r2, r3, #26
 141 001a C023     		mov	r3, #192
 142 001c 1B05     		lsl	r3, r3, #20
 143 001e 1340     		and	r3, r2
ARM GAS  C:\Users\Steven\AppData\Local\Temp\ccCdlLee.s 			page 8


 144 0020 FA68     		ldr	r2, [r7, #12]
 145 0022 1343     		orr	r3, r2
 146 0024 FB60     		str	r3, [r7, #12]
 257:.\Generated_Source\PSoC4/SPI_1_SPI.c **** 
 258:.\Generated_Source\PSoC4/SPI_1_SPI.c ****         SPI_1_SPI_CTRL_REG = spiCtrl;
 147              		.loc 1 258 0
 148 0026 034B     		ldr	r3, .L5
 149 0028 FA68     		ldr	r2, [r7, #12]
 150 002a 1A60     		str	r2, [r3]
 259:.\Generated_Source\PSoC4/SPI_1_SPI.c ****     }
 151              		.loc 1 259 0
 152 002c BD46     		mov	sp, r7
 153 002e 04B0     		add	sp, sp, #16
 154              		@ sp needed
 155 0030 80BD     		pop	{r7, pc}
 156              	.L6:
 157 0032 C046     		.align	2
 158              	.L5:
 159 0034 20002540 		.word	1076166688
 160 0038 FFFFFFF3 		.word	-201326593
 161              		.cfi_endproc
 162              	.LFE3:
 163              		.size	SPI_1_SpiSetActiveSlaveSelect, .-SPI_1_SpiSetActiveSlaveSelect
 164              		.section	.text.SPI_1_SpiSetSlaveSelectPolarity,"ax",%progbits
 165              		.align	2
 166              		.global	SPI_1_SpiSetSlaveSelectPolarity
 167              		.code	16
 168              		.thumb_func
 169              		.type	SPI_1_SpiSetSlaveSelectPolarity, %function
 170              	SPI_1_SpiSetSlaveSelectPolarity:
 171              	.LFB4:
 260:.\Generated_Source\PSoC4/SPI_1_SPI.c **** #endif /* (SPI_1_SPI_MASTER_CONST) */
 261:.\Generated_Source\PSoC4/SPI_1_SPI.c **** 
 262:.\Generated_Source\PSoC4/SPI_1_SPI.c **** 
 263:.\Generated_Source\PSoC4/SPI_1_SPI.c **** #if !(SPI_1_CY_SCBIP_V0 || SPI_1_CY_SCBIP_V1)
 264:.\Generated_Source\PSoC4/SPI_1_SPI.c ****     /*******************************************************************************
 265:.\Generated_Source\PSoC4/SPI_1_SPI.c ****     * Function Name: SPI_1_SpiSetSlaveSelectPolarity
 266:.\Generated_Source\PSoC4/SPI_1_SPI.c ****     ********************************************************************************
 267:.\Generated_Source\PSoC4/SPI_1_SPI.c ****     *
 268:.\Generated_Source\PSoC4/SPI_1_SPI.c ****     * Summary:
 269:.\Generated_Source\PSoC4/SPI_1_SPI.c ****     *  Sets active polarity for slave select line.
 270:.\Generated_Source\PSoC4/SPI_1_SPI.c ****     *  The component should be in one of the following states to change the active
 271:.\Generated_Source\PSoC4/SPI_1_SPI.c ****     *  slave select signal source correctly:
 272:.\Generated_Source\PSoC4/SPI_1_SPI.c ****     *   - The component is disabled.
 273:.\Generated_Source\PSoC4/SPI_1_SPI.c ****     *   - The component has completed transfer.
 274:.\Generated_Source\PSoC4/SPI_1_SPI.c ****     *  This function does not check that these conditions are met.
 275:.\Generated_Source\PSoC4/SPI_1_SPI.c ****     *
 276:.\Generated_Source\PSoC4/SPI_1_SPI.c ****     * Parameters:
 277:.\Generated_Source\PSoC4/SPI_1_SPI.c ****     *  slaveSelect: slave select line to change active polarity.
 278:.\Generated_Source\PSoC4/SPI_1_SPI.c ****     *   SPI_1_SPI_SLAVE_SELECT0 - Slave select 0
 279:.\Generated_Source\PSoC4/SPI_1_SPI.c ****     *   SPI_1_SPI_SLAVE_SELECT1 - Slave select 1
 280:.\Generated_Source\PSoC4/SPI_1_SPI.c ****     *   SPI_1_SPI_SLAVE_SELECT2 - Slave select 2
 281:.\Generated_Source\PSoC4/SPI_1_SPI.c ****     *   SPI_1_SPI_SLAVE_SELECT3 - Slave select 3
 282:.\Generated_Source\PSoC4/SPI_1_SPI.c ****     *
 283:.\Generated_Source\PSoC4/SPI_1_SPI.c ****     *  polarity: active polarity of slave select line.
 284:.\Generated_Source\PSoC4/SPI_1_SPI.c ****     *   SPI_1_SPI_SS_ACTIVE_LOW  - Slave select is active low
 285:.\Generated_Source\PSoC4/SPI_1_SPI.c ****     *   SPI_1_SPI_SS_ACTIVE_HIGH - Slave select is active high
ARM GAS  C:\Users\Steven\AppData\Local\Temp\ccCdlLee.s 			page 9


 286:.\Generated_Source\PSoC4/SPI_1_SPI.c ****     *
 287:.\Generated_Source\PSoC4/SPI_1_SPI.c ****     * Return:
 288:.\Generated_Source\PSoC4/SPI_1_SPI.c ****     *  None
 289:.\Generated_Source\PSoC4/SPI_1_SPI.c ****     *
 290:.\Generated_Source\PSoC4/SPI_1_SPI.c ****     *******************************************************************************/
 291:.\Generated_Source\PSoC4/SPI_1_SPI.c ****     void SPI_1_SpiSetSlaveSelectPolarity(uint32 slaveSelect, uint32 polarity)
 292:.\Generated_Source\PSoC4/SPI_1_SPI.c ****     {
 172              		.loc 1 292 0
 173              		.cfi_startproc
 174 0000 80B5     		push	{r7, lr}
 175              		.cfi_def_cfa_offset 8
 176              		.cfi_offset 7, -8
 177              		.cfi_offset 14, -4
 178 0002 84B0     		sub	sp, sp, #16
 179              		.cfi_def_cfa_offset 24
 180 0004 00AF     		add	r7, sp, #0
 181              		.cfi_def_cfa_register 7
 182 0006 7860     		str	r0, [r7, #4]
 183 0008 3960     		str	r1, [r7]
 293:.\Generated_Source\PSoC4/SPI_1_SPI.c ****         uint32 ssPolarity;
 294:.\Generated_Source\PSoC4/SPI_1_SPI.c **** 
 295:.\Generated_Source\PSoC4/SPI_1_SPI.c ****         /* Get position of the polarity bit associated with slave select line */
 296:.\Generated_Source\PSoC4/SPI_1_SPI.c ****         ssPolarity = SPI_1_GET_SPI_CTRL_SSEL_POLARITY((uint32) 1u << slaveSelect);
 184              		.loc 1 296 0
 185 000a 7B68     		ldr	r3, [r7, #4]
 186 000c 0122     		mov	r2, #1
 187 000e 111C     		mov	r1, r2
 188 0010 9940     		lsl	r1, r1, r3
 189 0012 0B1C     		mov	r3, r1
 190 0014 1A02     		lsl	r2, r3, #8
 191 0016 F023     		mov	r3, #240
 192 0018 1B01     		lsl	r3, r3, #4
 193 001a 1340     		and	r3, r2
 194 001c FB60     		str	r3, [r7, #12]
 297:.\Generated_Source\PSoC4/SPI_1_SPI.c **** 
 298:.\Generated_Source\PSoC4/SPI_1_SPI.c ****         if (0u != polarity)
 195              		.loc 1 298 0
 196 001e 3B68     		ldr	r3, [r7]
 197 0020 002B     		cmp	r3, #0
 198 0022 06D0     		beq	.L8
 299:.\Generated_Source\PSoC4/SPI_1_SPI.c ****         {
 300:.\Generated_Source\PSoC4/SPI_1_SPI.c ****             SPI_1_SPI_CTRL_REG |= (uint32)  ssPolarity;
 199              		.loc 1 300 0
 200 0024 084B     		ldr	r3, .L10
 201 0026 084A     		ldr	r2, .L10
 202 0028 1168     		ldr	r1, [r2]
 203 002a FA68     		ldr	r2, [r7, #12]
 204 002c 0A43     		orr	r2, r1
 205 002e 1A60     		str	r2, [r3]
 206 0030 06E0     		b	.L7
 207              	.L8:
 301:.\Generated_Source\PSoC4/SPI_1_SPI.c ****         }
 302:.\Generated_Source\PSoC4/SPI_1_SPI.c ****         else
 303:.\Generated_Source\PSoC4/SPI_1_SPI.c ****         {
 304:.\Generated_Source\PSoC4/SPI_1_SPI.c ****             SPI_1_SPI_CTRL_REG &= (uint32) ~ssPolarity;
 208              		.loc 1 304 0
 209 0032 054B     		ldr	r3, .L10
ARM GAS  C:\Users\Steven\AppData\Local\Temp\ccCdlLee.s 			page 10


 210 0034 044A     		ldr	r2, .L10
 211 0036 1268     		ldr	r2, [r2]
 212 0038 F968     		ldr	r1, [r7, #12]
 213 003a C943     		mvn	r1, r1
 214 003c 0A40     		and	r2, r1
 215 003e 1A60     		str	r2, [r3]
 216              	.L7:
 305:.\Generated_Source\PSoC4/SPI_1_SPI.c ****         }
 306:.\Generated_Source\PSoC4/SPI_1_SPI.c ****     }
 217              		.loc 1 306 0
 218 0040 BD46     		mov	sp, r7
 219 0042 04B0     		add	sp, sp, #16
 220              		@ sp needed
 221 0044 80BD     		pop	{r7, pc}
 222              	.L11:
 223 0046 C046     		.align	2
 224              	.L10:
 225 0048 20002540 		.word	1076166688
 226              		.cfi_endproc
 227              	.LFE4:
 228              		.size	SPI_1_SpiSetSlaveSelectPolarity, .-SPI_1_SpiSetSlaveSelectPolarity
 229              		.text
 230              	.Letext0:
 231              		.file 2 ".\\Generated_Source\\PSoC4/cytypes.h"
 232              		.section	.debug_info,"",%progbits
 233              	.Ldebug_info0:
 234 0000 23010000 		.4byte	0x123
 235 0004 0400     		.2byte	0x4
 236 0006 00000000 		.4byte	.Ldebug_abbrev0
 237 000a 04       		.byte	0x4
 238 000b 01       		.uleb128 0x1
 239 000c 99000000 		.4byte	.LASF19
 240 0010 01       		.byte	0x1
 241 0011 5D010000 		.4byte	.LASF20
 242 0015 82010000 		.4byte	.LASF21
 243 0019 00000000 		.4byte	.Ldebug_ranges0+0
 244 001d 00000000 		.4byte	0
 245 0021 00000000 		.4byte	.Ldebug_line0
 246 0025 02       		.uleb128 0x2
 247 0026 01       		.byte	0x1
 248 0027 06       		.byte	0x6
 249 0028 51010000 		.4byte	.LASF0
 250 002c 02       		.uleb128 0x2
 251 002d 01       		.byte	0x1
 252 002e 08       		.byte	0x8
 253 002f 15010000 		.4byte	.LASF1
 254 0033 02       		.uleb128 0x2
 255 0034 02       		.byte	0x2
 256 0035 05       		.byte	0x5
 257 0036 E3010000 		.4byte	.LASF2
 258 003a 02       		.uleb128 0x2
 259 003b 02       		.byte	0x2
 260 003c 07       		.byte	0x7
 261 003d 3E010000 		.4byte	.LASF3
 262 0041 02       		.uleb128 0x2
 263 0042 04       		.byte	0x4
 264 0043 05       		.byte	0x5
ARM GAS  C:\Users\Steven\AppData\Local\Temp\ccCdlLee.s 			page 11


 265 0044 28010000 		.4byte	.LASF4
 266 0048 02       		.uleb128 0x2
 267 0049 04       		.byte	0x4
 268 004a 07       		.byte	0x7
 269 004b 67000000 		.4byte	.LASF5
 270 004f 02       		.uleb128 0x2
 271 0050 08       		.byte	0x8
 272 0051 05       		.byte	0x5
 273 0052 00000000 		.4byte	.LASF6
 274 0056 02       		.uleb128 0x2
 275 0057 08       		.byte	0x8
 276 0058 07       		.byte	0x7
 277 0059 79000000 		.4byte	.LASF7
 278 005d 03       		.uleb128 0x3
 279 005e 04       		.byte	0x4
 280 005f 05       		.byte	0x5
 281 0060 696E7400 		.ascii	"int\000"
 282 0064 02       		.uleb128 0x2
 283 0065 04       		.byte	0x4
 284 0066 07       		.byte	0x7
 285 0067 20000000 		.4byte	.LASF8
 286 006b 04       		.uleb128 0x4
 287 006c 0E000000 		.4byte	.LASF12
 288 0070 02       		.byte	0x2
 289 0071 A3       		.byte	0xa3
 290 0072 48000000 		.4byte	0x48
 291 0076 02       		.uleb128 0x2
 292 0077 04       		.byte	0x4
 293 0078 04       		.byte	0x4
 294 0079 B7010000 		.4byte	.LASF9
 295 007d 02       		.uleb128 0x2
 296 007e 08       		.byte	0x8
 297 007f 04       		.byte	0x4
 298 0080 31010000 		.4byte	.LASF10
 299 0084 02       		.uleb128 0x2
 300 0085 01       		.byte	0x1
 301 0086 08       		.byte	0x8
 302 0087 23010000 		.4byte	.LASF11
 303 008b 05       		.uleb128 0x5
 304 008c 38010000 		.4byte	.LASF13
 305 0090 02       		.byte	0x2
 306 0091 4D01     		.2byte	0x14d
 307 0093 97000000 		.4byte	0x97
 308 0097 06       		.uleb128 0x6
 309 0098 6B000000 		.4byte	0x6b
 310 009c 02       		.uleb128 0x2
 311 009d 04       		.byte	0x4
 312 009e 07       		.byte	0x7
 313 009f ED010000 		.4byte	.LASF14
 314 00a3 07       		.uleb128 0x7
 315 00a4 2D000000 		.4byte	.LASF22
 316 00a8 01       		.byte	0x1
 317 00a9 AB       		.byte	0xab
 318 00aa 00000000 		.4byte	.LFB2
 319 00ae 94000000 		.4byte	.LFE2-.LFB2
 320 00b2 01       		.uleb128 0x1
 321 00b3 9C       		.byte	0x9c
ARM GAS  C:\Users\Steven\AppData\Local\Temp\ccCdlLee.s 			page 12


 322 00b4 08       		.uleb128 0x8
 323 00b5 BD010000 		.4byte	.LASF23
 324 00b9 01       		.byte	0x1
 325 00ba F9       		.byte	0xf9
 326 00bb 00000000 		.4byte	.LFB3
 327 00bf 3C000000 		.4byte	.LFE3-.LFB3
 328 00c3 01       		.uleb128 0x1
 329 00c4 9C       		.byte	0x9c
 330 00c5 E6000000 		.4byte	0xe6
 331 00c9 09       		.uleb128 0x9
 332 00ca 3B000000 		.4byte	.LASF15
 333 00ce 01       		.byte	0x1
 334 00cf F9       		.byte	0xf9
 335 00d0 6B000000 		.4byte	0x6b
 336 00d4 02       		.uleb128 0x2
 337 00d5 91       		.byte	0x91
 338 00d6 6C       		.sleb128 -20
 339 00d7 0A       		.uleb128 0xa
 340 00d8 DB010000 		.4byte	.LASF17
 341 00dc 01       		.byte	0x1
 342 00dd FB       		.byte	0xfb
 343 00de 6B000000 		.4byte	0x6b
 344 00e2 02       		.uleb128 0x2
 345 00e3 91       		.byte	0x91
 346 00e4 74       		.sleb128 -12
 347 00e5 00       		.byte	0
 348 00e6 0B       		.uleb128 0xb
 349 00e7 47000000 		.4byte	.LASF24
 350 00eb 01       		.byte	0x1
 351 00ec 2301     		.2byte	0x123
 352 00ee 00000000 		.4byte	.LFB4
 353 00f2 4C000000 		.4byte	.LFE4-.LFB4
 354 00f6 01       		.uleb128 0x1
 355 00f7 9C       		.byte	0x9c
 356 00f8 0C       		.uleb128 0xc
 357 00f9 3B000000 		.4byte	.LASF15
 358 00fd 01       		.byte	0x1
 359 00fe 2301     		.2byte	0x123
 360 0100 6B000000 		.4byte	0x6b
 361 0104 02       		.uleb128 0x2
 362 0105 91       		.byte	0x91
 363 0106 6C       		.sleb128 -20
 364 0107 0C       		.uleb128 0xc
 365 0108 90000000 		.4byte	.LASF16
 366 010c 01       		.byte	0x1
 367 010d 2301     		.2byte	0x123
 368 010f 6B000000 		.4byte	0x6b
 369 0113 02       		.uleb128 0x2
 370 0114 91       		.byte	0x91
 371 0115 68       		.sleb128 -24
 372 0116 0D       		.uleb128 0xd
 373 0117 15000000 		.4byte	.LASF18
 374 011b 01       		.byte	0x1
 375 011c 2501     		.2byte	0x125
 376 011e 6B000000 		.4byte	0x6b
 377 0122 02       		.uleb128 0x2
 378 0123 91       		.byte	0x91
ARM GAS  C:\Users\Steven\AppData\Local\Temp\ccCdlLee.s 			page 13


 379 0124 74       		.sleb128 -12
 380 0125 00       		.byte	0
 381 0126 00       		.byte	0
 382              		.section	.debug_abbrev,"",%progbits
 383              	.Ldebug_abbrev0:
 384 0000 01       		.uleb128 0x1
 385 0001 11       		.uleb128 0x11
 386 0002 01       		.byte	0x1
 387 0003 25       		.uleb128 0x25
 388 0004 0E       		.uleb128 0xe
 389 0005 13       		.uleb128 0x13
 390 0006 0B       		.uleb128 0xb
 391 0007 03       		.uleb128 0x3
 392 0008 0E       		.uleb128 0xe
 393 0009 1B       		.uleb128 0x1b
 394 000a 0E       		.uleb128 0xe
 395 000b 55       		.uleb128 0x55
 396 000c 17       		.uleb128 0x17
 397 000d 11       		.uleb128 0x11
 398 000e 01       		.uleb128 0x1
 399 000f 10       		.uleb128 0x10
 400 0010 17       		.uleb128 0x17
 401 0011 00       		.byte	0
 402 0012 00       		.byte	0
 403 0013 02       		.uleb128 0x2
 404 0014 24       		.uleb128 0x24
 405 0015 00       		.byte	0
 406 0016 0B       		.uleb128 0xb
 407 0017 0B       		.uleb128 0xb
 408 0018 3E       		.uleb128 0x3e
 409 0019 0B       		.uleb128 0xb
 410 001a 03       		.uleb128 0x3
 411 001b 0E       		.uleb128 0xe
 412 001c 00       		.byte	0
 413 001d 00       		.byte	0
 414 001e 03       		.uleb128 0x3
 415 001f 24       		.uleb128 0x24
 416 0020 00       		.byte	0
 417 0021 0B       		.uleb128 0xb
 418 0022 0B       		.uleb128 0xb
 419 0023 3E       		.uleb128 0x3e
 420 0024 0B       		.uleb128 0xb
 421 0025 03       		.uleb128 0x3
 422 0026 08       		.uleb128 0x8
 423 0027 00       		.byte	0
 424 0028 00       		.byte	0
 425 0029 04       		.uleb128 0x4
 426 002a 16       		.uleb128 0x16
 427 002b 00       		.byte	0
 428 002c 03       		.uleb128 0x3
 429 002d 0E       		.uleb128 0xe
 430 002e 3A       		.uleb128 0x3a
 431 002f 0B       		.uleb128 0xb
 432 0030 3B       		.uleb128 0x3b
 433 0031 0B       		.uleb128 0xb
 434 0032 49       		.uleb128 0x49
 435 0033 13       		.uleb128 0x13
ARM GAS  C:\Users\Steven\AppData\Local\Temp\ccCdlLee.s 			page 14


 436 0034 00       		.byte	0
 437 0035 00       		.byte	0
 438 0036 05       		.uleb128 0x5
 439 0037 16       		.uleb128 0x16
 440 0038 00       		.byte	0
 441 0039 03       		.uleb128 0x3
 442 003a 0E       		.uleb128 0xe
 443 003b 3A       		.uleb128 0x3a
 444 003c 0B       		.uleb128 0xb
 445 003d 3B       		.uleb128 0x3b
 446 003e 05       		.uleb128 0x5
 447 003f 49       		.uleb128 0x49
 448 0040 13       		.uleb128 0x13
 449 0041 00       		.byte	0
 450 0042 00       		.byte	0
 451 0043 06       		.uleb128 0x6
 452 0044 35       		.uleb128 0x35
 453 0045 00       		.byte	0
 454 0046 49       		.uleb128 0x49
 455 0047 13       		.uleb128 0x13
 456 0048 00       		.byte	0
 457 0049 00       		.byte	0
 458 004a 07       		.uleb128 0x7
 459 004b 2E       		.uleb128 0x2e
 460 004c 00       		.byte	0
 461 004d 3F       		.uleb128 0x3f
 462 004e 19       		.uleb128 0x19
 463 004f 03       		.uleb128 0x3
 464 0050 0E       		.uleb128 0xe
 465 0051 3A       		.uleb128 0x3a
 466 0052 0B       		.uleb128 0xb
 467 0053 3B       		.uleb128 0x3b
 468 0054 0B       		.uleb128 0xb
 469 0055 27       		.uleb128 0x27
 470 0056 19       		.uleb128 0x19
 471 0057 11       		.uleb128 0x11
 472 0058 01       		.uleb128 0x1
 473 0059 12       		.uleb128 0x12
 474 005a 06       		.uleb128 0x6
 475 005b 40       		.uleb128 0x40
 476 005c 18       		.uleb128 0x18
 477 005d 9642     		.uleb128 0x2116
 478 005f 19       		.uleb128 0x19
 479 0060 00       		.byte	0
 480 0061 00       		.byte	0
 481 0062 08       		.uleb128 0x8
 482 0063 2E       		.uleb128 0x2e
 483 0064 01       		.byte	0x1
 484 0065 3F       		.uleb128 0x3f
 485 0066 19       		.uleb128 0x19
 486 0067 03       		.uleb128 0x3
 487 0068 0E       		.uleb128 0xe
 488 0069 3A       		.uleb128 0x3a
 489 006a 0B       		.uleb128 0xb
 490 006b 3B       		.uleb128 0x3b
 491 006c 0B       		.uleb128 0xb
 492 006d 27       		.uleb128 0x27
ARM GAS  C:\Users\Steven\AppData\Local\Temp\ccCdlLee.s 			page 15


 493 006e 19       		.uleb128 0x19
 494 006f 11       		.uleb128 0x11
 495 0070 01       		.uleb128 0x1
 496 0071 12       		.uleb128 0x12
 497 0072 06       		.uleb128 0x6
 498 0073 40       		.uleb128 0x40
 499 0074 18       		.uleb128 0x18
 500 0075 9742     		.uleb128 0x2117
 501 0077 19       		.uleb128 0x19
 502 0078 01       		.uleb128 0x1
 503 0079 13       		.uleb128 0x13
 504 007a 00       		.byte	0
 505 007b 00       		.byte	0
 506 007c 09       		.uleb128 0x9
 507 007d 05       		.uleb128 0x5
 508 007e 00       		.byte	0
 509 007f 03       		.uleb128 0x3
 510 0080 0E       		.uleb128 0xe
 511 0081 3A       		.uleb128 0x3a
 512 0082 0B       		.uleb128 0xb
 513 0083 3B       		.uleb128 0x3b
 514 0084 0B       		.uleb128 0xb
 515 0085 49       		.uleb128 0x49
 516 0086 13       		.uleb128 0x13
 517 0087 02       		.uleb128 0x2
 518 0088 18       		.uleb128 0x18
 519 0089 00       		.byte	0
 520 008a 00       		.byte	0
 521 008b 0A       		.uleb128 0xa
 522 008c 34       		.uleb128 0x34
 523 008d 00       		.byte	0
 524 008e 03       		.uleb128 0x3
 525 008f 0E       		.uleb128 0xe
 526 0090 3A       		.uleb128 0x3a
 527 0091 0B       		.uleb128 0xb
 528 0092 3B       		.uleb128 0x3b
 529 0093 0B       		.uleb128 0xb
 530 0094 49       		.uleb128 0x49
 531 0095 13       		.uleb128 0x13
 532 0096 02       		.uleb128 0x2
 533 0097 18       		.uleb128 0x18
 534 0098 00       		.byte	0
 535 0099 00       		.byte	0
 536 009a 0B       		.uleb128 0xb
 537 009b 2E       		.uleb128 0x2e
 538 009c 01       		.byte	0x1
 539 009d 3F       		.uleb128 0x3f
 540 009e 19       		.uleb128 0x19
 541 009f 03       		.uleb128 0x3
 542 00a0 0E       		.uleb128 0xe
 543 00a1 3A       		.uleb128 0x3a
 544 00a2 0B       		.uleb128 0xb
 545 00a3 3B       		.uleb128 0x3b
 546 00a4 05       		.uleb128 0x5
 547 00a5 27       		.uleb128 0x27
 548 00a6 19       		.uleb128 0x19
 549 00a7 11       		.uleb128 0x11
ARM GAS  C:\Users\Steven\AppData\Local\Temp\ccCdlLee.s 			page 16


 550 00a8 01       		.uleb128 0x1
 551 00a9 12       		.uleb128 0x12
 552 00aa 06       		.uleb128 0x6
 553 00ab 40       		.uleb128 0x40
 554 00ac 18       		.uleb128 0x18
 555 00ad 9742     		.uleb128 0x2117
 556 00af 19       		.uleb128 0x19
 557 00b0 00       		.byte	0
 558 00b1 00       		.byte	0
 559 00b2 0C       		.uleb128 0xc
 560 00b3 05       		.uleb128 0x5
 561 00b4 00       		.byte	0
 562 00b5 03       		.uleb128 0x3
 563 00b6 0E       		.uleb128 0xe
 564 00b7 3A       		.uleb128 0x3a
 565 00b8 0B       		.uleb128 0xb
 566 00b9 3B       		.uleb128 0x3b
 567 00ba 05       		.uleb128 0x5
 568 00bb 49       		.uleb128 0x49
 569 00bc 13       		.uleb128 0x13
 570 00bd 02       		.uleb128 0x2
 571 00be 18       		.uleb128 0x18
 572 00bf 00       		.byte	0
 573 00c0 00       		.byte	0
 574 00c1 0D       		.uleb128 0xd
 575 00c2 34       		.uleb128 0x34
 576 00c3 00       		.byte	0
 577 00c4 03       		.uleb128 0x3
 578 00c5 0E       		.uleb128 0xe
 579 00c6 3A       		.uleb128 0x3a
 580 00c7 0B       		.uleb128 0xb
 581 00c8 3B       		.uleb128 0x3b
 582 00c9 05       		.uleb128 0x5
 583 00ca 49       		.uleb128 0x49
 584 00cb 13       		.uleb128 0x13
 585 00cc 02       		.uleb128 0x2
 586 00cd 18       		.uleb128 0x18
 587 00ce 00       		.byte	0
 588 00cf 00       		.byte	0
 589 00d0 00       		.byte	0
 590              		.section	.debug_aranges,"",%progbits
 591 0000 2C000000 		.4byte	0x2c
 592 0004 0200     		.2byte	0x2
 593 0006 00000000 		.4byte	.Ldebug_info0
 594 000a 04       		.byte	0x4
 595 000b 00       		.byte	0
 596 000c 0000     		.2byte	0
 597 000e 0000     		.2byte	0
 598 0010 00000000 		.4byte	.LFB2
 599 0014 94000000 		.4byte	.LFE2-.LFB2
 600 0018 00000000 		.4byte	.LFB3
 601 001c 3C000000 		.4byte	.LFE3-.LFB3
 602 0020 00000000 		.4byte	.LFB4
 603 0024 4C000000 		.4byte	.LFE4-.LFB4
 604 0028 00000000 		.4byte	0
 605 002c 00000000 		.4byte	0
 606              		.section	.debug_ranges,"",%progbits
ARM GAS  C:\Users\Steven\AppData\Local\Temp\ccCdlLee.s 			page 17


 607              	.Ldebug_ranges0:
 608 0000 00000000 		.4byte	.LFB2
 609 0004 94000000 		.4byte	.LFE2
 610 0008 00000000 		.4byte	.LFB3
 611 000c 3C000000 		.4byte	.LFE3
 612 0010 00000000 		.4byte	.LFB4
 613 0014 4C000000 		.4byte	.LFE4
 614 0018 00000000 		.4byte	0
 615 001c 00000000 		.4byte	0
 616              		.section	.debug_line,"",%progbits
 617              	.Ldebug_line0:
 618 0000 9A000000 		.section	.debug_str,"MS",%progbits,1
 618      02004800 
 618      00000201 
 618      FB0E0D00 
 618      01010101 
 619              	.LASF6:
 620 0000 6C6F6E67 		.ascii	"long long int\000"
 620      206C6F6E 
 620      6720696E 
 620      7400
 621              	.LASF12:
 622 000e 75696E74 		.ascii	"uint32\000"
 622      333200
 623              	.LASF18:
 624 0015 7373506F 		.ascii	"ssPolarity\000"
 624      6C617269 
 624      747900
 625              	.LASF8:
 626 0020 756E7369 		.ascii	"unsigned int\000"
 626      676E6564 
 626      20696E74 
 626      00
 627              	.LASF22:
 628 002d 5350495F 		.ascii	"SPI_1_SpiInit\000"
 628      315F5370 
 628      69496E69 
 628      7400
 629              	.LASF15:
 630 003b 736C6176 		.ascii	"slaveSelect\000"
 630      6553656C 
 630      65637400 
 631              	.LASF24:
 632 0047 5350495F 		.ascii	"SPI_1_SpiSetSlaveSelectPolarity\000"
 632      315F5370 
 632      69536574 
 632      536C6176 
 632      6553656C 
 633              	.LASF5:
 634 0067 6C6F6E67 		.ascii	"long unsigned int\000"
 634      20756E73 
 634      69676E65 
 634      6420696E 
 634      7400
 635              	.LASF7:
 636 0079 6C6F6E67 		.ascii	"long long unsigned int\000"
 636      206C6F6E 
ARM GAS  C:\Users\Steven\AppData\Local\Temp\ccCdlLee.s 			page 18


 636      6720756E 
 636      7369676E 
 636      65642069 
 637              	.LASF16:
 638 0090 706F6C61 		.ascii	"polarity\000"
 638      72697479 
 638      00
 639              	.LASF19:
 640 0099 474E5520 		.ascii	"GNU C 4.8.4 20140526 (release) [ARM/embedded-4_8-br"
 640      4320342E 
 640      382E3420 
 640      32303134 
 640      30353236 
 641 00cc 616E6368 		.ascii	"anch revision 211358] -mcpu=cortex-m0 -mthumb -g -O"
 641      20726576 
 641      6973696F 
 641      6E203231 
 641      31333538 
 642 00ff 30202D66 		.ascii	"0 -ffunction-sections\000"
 642      66756E63 
 642      74696F6E 
 642      2D736563 
 642      74696F6E 
 643              	.LASF1:
 644 0115 756E7369 		.ascii	"unsigned char\000"
 644      676E6564 
 644      20636861 
 644      7200
 645              	.LASF11:
 646 0123 63686172 		.ascii	"char\000"
 646      00
 647              	.LASF4:
 648 0128 6C6F6E67 		.ascii	"long int\000"
 648      20696E74 
 648      00
 649              	.LASF10:
 650 0131 646F7562 		.ascii	"double\000"
 650      6C6500
 651              	.LASF13:
 652 0138 72656733 		.ascii	"reg32\000"
 652      3200
 653              	.LASF3:
 654 013e 73686F72 		.ascii	"short unsigned int\000"
 654      7420756E 
 654      7369676E 
 654      65642069 
 654      6E7400
 655              	.LASF0:
 656 0151 7369676E 		.ascii	"signed char\000"
 656      65642063 
 656      68617200 
 657              	.LASF20:
 658 015d 2E5C4765 		.ascii	".\\Generated_Source\\PSoC4\\SPI_1_SPI.c\000"
 658      6E657261 
 658      7465645F 
 658      536F7572 
 658      63655C50 
ARM GAS  C:\Users\Steven\AppData\Local\Temp\ccCdlLee.s 			page 19


 659              	.LASF21:
 660 0182 453A5C44 		.ascii	"E:\\Documents\\UROPs\\Biomech UROP\\Code\\Batt\\Bat"
 660      6F63756D 
 660      656E7473 
 660      5C55524F 
 660      50735C42 
 661 01af 742E6379 		.ascii	"t.cydsn\000"
 661      64736E00 
 662              	.LASF9:
 663 01b7 666C6F61 		.ascii	"float\000"
 663      7400
 664              	.LASF23:
 665 01bd 5350495F 		.ascii	"SPI_1_SpiSetActiveSlaveSelect\000"
 665      315F5370 
 665      69536574 
 665      41637469 
 665      7665536C 
 666              	.LASF17:
 667 01db 73706943 		.ascii	"spiCtrl\000"
 667      74726C00 
 668              	.LASF2:
 669 01e3 73686F72 		.ascii	"short int\000"
 669      7420696E 
 669      7400
 670              	.LASF14:
 671 01ed 73697A65 		.ascii	"sizetype\000"
 671      74797065 
 671      00
 672              		.ident	"GCC: (GNU Tools for ARM Embedded Processors) 4.8.4 20140526 (release) [ARM/embedded-4_8-br
